============================= test session starts ==============================
platform linux -- Python 3.12.2, pytest-8.0.2, pluggy-1.4.0
rootdir: /mnt/c/Users/jmaynard/Documents/GitHub/soil-id-algorithm
configfile: pyproject.toml
collected 3 items

soil_id/tests/global/test_global.py::test_true PASSED
soil_id/tests/us/test_us.py::test_soil_location 
-------------------------------- live log call ---------------------------------
INFO     root:test_us.py:34 Testing -120.79896, 43.23104
INFO     root:services.py:214 0.61: https://soilmap2-1.lawr.ucdavis.edu/dylan/soilweb/api/landPKS.php
INFO     root:test_us.py:37 ...time: 5.63s
SoilListOutputData(soil_list_json={'metadata': {'location': 'us', 'model': 'v3', 'unit_measure': {'distance': 'm', 'depth': 'cm', 'cec': 'cmol(c)/kg', 'clay': '%', 'rock_fragments': 'cm3/100cm3', 'sand': '%', 'ec': 'ds/m'}}, 'AWS_PIW90': 3.66, 'Soil Data Value': [('texture_0', 1.137140073578773), ('texture_30', 0.8753040721807243), ('rfv_class_30', 0.39200780944329194), ('rfv_class_0', 0.0)], 'soilList': [{'id': {'name': 'Horning1', 'component': 'Horning', 'score_loc': 0.5, 'rank_loc': '1'}, 'site': {'siteData': {'mapunitID': '1689877', 'componentID': '24209571', 'componentKind': 'Series', 'dataSource': 'SSURGO', 'textureInfill': 'No', 'rfvInfill': 'No', 'componentPct': 50, 'distance': 0.0, 'minCompDistance': 0.0, 'slope': 2.0, 'nirrcapcl': '6', 'nirrcapscl': 's', 'nirrcapunit': 'None', 'irrcapcl': 'None', 'irrcapscl': 'None', 'irrcapunit': 'None', 'taxsubgrp': 'Vitrandic Torriorthents', 'sdeURL': 'https://casoilresource.lawr.ucdavis.edu/sde/?series=horning', 'seeURL': 'https://casoilresource.lawr.ucdavis.edu/see/#horning'}, 'siteDescription': ''}, 'esd': {'ESD': {'ecoclassid': ['R024XY644OR'], 'ecoclassname': ['SILTY DUNES '], 'esd_url': ['']}}, 'bottom_depth': {0: 10, 1: 66, 2: 102, 3: 147, 4: 216}, 'sand': {0: 85.0, 1: 85.0, 2: 65.0, 3: 85.0, 4: 40.0}, 'clay': {0: 6.0, 1: 7.0, 2: 8.0, 3: 8.0, 4: 18.0}, 'texture': {0: 'Loamy sand', 1: 'Loamy sand', 2: 'Sandy loam', 3: 'Loamy sand', 4: 'Loam'}, 'rock_fragments': {0: 0, 1: 0, 2: 0, 3: 0, 4: 0}, 'cec': {0: 'CEC', 1: 'CEC'}, 'ph': {0: 8.0, 1: 9.0, 2: 9.5, 3: 8.6, 4: 10.3}, 'ec': {0: 3.0, 1: 5.0, 2: 10.0, 3: 2.0, 4: 10.0}, 'lab': {0: [61.7, 2.84, 13.07], 1: [61.7, 2.84, 13.07], 2: [61.7, 2.84, 13.07], 3: [71.61, 2.45, 13.21], 4: [71.62, 3.81, 19.52]}, 'munsell': {0: '10YR 6/2', 1: '10YR 6/2', 2: '10YR 6/2', 3: '10YR 7/2', 4: '10YR 7/3'}}, {'id': {'name': 'Tonor1', 'component': 'Tonor', 'score_loc': 0.4, 'rank_loc': '2'}, 'site': {'siteData': {'mapunitID': '1689877', 'componentID': '24209572', 'componentKind': 'Series', 'dataSource': 'SSURGO', 'textureInfill': 'No', 'rfvInfill': 'No', 'componentPct': 40, 'distance': 0.0, 'minCompDistance': 0.0, 'slope': 1.0, 'nirrcapcl': '6', 'nirrcapscl': 's', 'nirrcapunit': 'None', 'irrcapcl': 'None', 'irrcapscl': 'None', 'irrcapunit': 'None', 'taxsubgrp': 'Sodic Xeric Haplocambids', 'sdeURL': 'https://casoilresource.lawr.ucdavis.edu/sde/?series=tonor', 'seeURL': 'https://casoilresource.lawr.ucdavis.edu/see/#tonor'}, 'siteDescription': ''}, 'esd': {'ESD': {'ecoclassid': ['R023XY610OR'], 'ecoclassname': ['PUMICE DUNES 8-10 PZ'], 'esd_url': ['']}}, 'bottom_depth': {0: 8, 1: 28, 2: 109, 3: 152}, 'sand': {0: 60.0, 1: 45.0, 2: 60.0, 3: 20.0}, 'clay': {0: 10.0, 1: 15.0, 2: 15.0, 3: 20.0}, 'texture': {0: 'Sandy loam', 1: 'Loam', 2: 'Sandy loam', 3: 'Silt loam'}, 'rock_fragments': {0: 0, 1: 0, 2: 0, 3: 50}, 'cec': {0: 'CEC', 1: 'CEC'}, 'ph': {0: 8.0, 1: 8.0, 2: 9.6, 3: 8.2}, 'ec': {0: 0.0, 1: 2.0, 2: 5.0, 3: 3.0}, 'lab': {0: [61.7, 2.84, 13.07], 1: [61.7, 4.12, 19.07], 2: [67.94, 3.07, 15.38], 3: [81.37, 2.01, 13.47]}, 'munsell': {0: '10YR 6/2', 1: '10YR 6/3', 2: '10YR 7/2', 3: '10YR 8/2'}}, {'id': {'name': 'Morehouse', 'component': 'Morehouse', 'score_loc': 0.04, 'rank_loc': '3'}, 'site': {'siteData': {'mapunitID': '1689876', 'componentID': '24209834', 'componentKind': 'Series', 'dataSource': 'SSURGO', 'textureInfill': 'No', 'rfvInfill': 'No', 'componentPct': 4, 'distance': 508.0, 'minCompDistance': 508.0, 'slope': 8.0, 'nirrcapcl': '6', 'nirrcapscl': 'e', 'nirrcapunit': 'None', 'irrcapcl': 'None', 'irrcapscl': 'None', 'irrcapunit': 'None', 'taxsubgrp': 'Vitrandic Torripsamments', 'sdeURL': 'https://casoilresource.lawr.ucdavis.edu/sde/?series=morehouse', 'seeURL': 'https://casoilresource.lawr.ucdavis.edu/see/#morehouse'}, 'siteDescription': 'The Morehouse series consists of very deep, somewhat excessively drained soils that formed in eolian sands and volcanic ash over lacustrine deposits derived from volcanic rocks. Morehouse are dominantly on stable dunes in basins on lakebeds. Slopes are 0 to 35 percent. The mean annual precipitation is about 230 mm and the mean annual temperature is about 7 degrees C.'}, 'esd': {'ESD': {'ecoclassid': ['R024XY006OR'], 'ecoclassname': ['LAKE TERRACE'], 'esd_url': ['']}}, 'bottom_depth': {0: 13, 1: 56, 2: 104, 3: 152}, 'sand': {0: 85.0, 1: 85.0, 2: 85.0, 3: 40.0}, 'clay': {0: 6.0, 1: 6.0, 2: 6.0, 3: 18.0}, 'texture': {0: 'Loamy sand', 1: 'Loamy sand', 2: 'Loamy sand', 3: 'Loam'}, 'rock_fragments': {0: 0, 1: 0, 2: 0, 3: 0}, 'cec': {0: 'CEC', 1: 'CEC'}, 'ph': {0: 8.6, 1: 8.6, 2: 8.2, 3: 9.4}, 'ec': {0: 0.0, 1: 0.0, 2: 0.0, 3: 9.0}, 'lab': {0: [51.59, 3.18, 12.68], 1: [51.59, 3.18, 12.68], 2: [61.7, 2.84, 13.07], 3: [61.7, 4.12, 19.07]}, 'munsell': {0: '10YR 5/2', 1: '10YR 5/2', 2: '10YR 6/2', 3: '10YR 6/3'}}, {'id': {'name': 'Youtlkue', 'component': 'Youtlkue', 'score_loc': 0.04, 'rank_loc': '4'}, 'site': {'siteData': {'mapunitID': '1689876', 'componentID': '24209836', 'componentKind': 'Series', 'dataSource': 'SSURGO', 'textureInfill': 'No', 'rfvInfill': 'No', 'componentPct': 4, 'distance': 508.0, 'minCompDistance': 508.0, 'slope': 1.0, 'nirrcapcl': '6', 'nirrcapscl': 's', 'nirrcapunit': 'None', 'irrcapcl': 'None', 'irrcapscl': 'None', 'irrcapunit': 'None', 'taxsubgrp': 'Vitrixerandic Aquicambids', 'sdeURL': 'https://casoilresource.lawr.ucdavis.edu/sde/?series=youtlkue', 'seeURL': 'https://casoilresource.lawr.ucdavis.edu/see/#youtlkue'}, 'siteDescription': 'The Youtlkue series consists of moderately deep, somewhat poorly drained soils that formed in lacustrine deposits derived from volcanic ash.  Youtlkue soils are on depressions on lakebeds.  Slopes are 0 to 2 percent.  The mean annual precipitation is about 230 mm and the mean annual temperature is about 7 degrees C.'}, 'esd': {'ESD': {'ecoclassid': ['R024XY609OR'], 'ecoclassname': ['DROUGHTY BOTTOM  6-10  PZ'], 'esd_url': ['']}}, 'bottom_depth': {0: 13, 1: 56, 2: 81}, 'sand': {0: 30.0, 1: 20.0, 2: 25.0}, 'clay': {0: 20.0, 1: 30.0, 2: 20.0}, 'texture': {0: 'Silt loam', 1: 'Silty clay loam', 2: 'Silt loam'}, 'rock_fragments': {0: 0, 1: 0, 2: 50}, 'cec': {0: 'CEC', 1: 'CEC'}, 'ph': {0: 8.0, 1: 8.6, 2: 8.2}, 'ec': {0: 0.0, 1: 1.0, 2: 1.0}, 'lab': {0: [61.7, 2.84, 13.07], 1: [71.61, 1.83, 10.29], 2: [81.37, 2.01, 13.47]}, 'munsell': {0: '10YR 6/2', 1: '7.5YR 7/2', 2: '10YR 8/2'}}, {'id': {'name': 'Abert', 'component': 'Abert', 'score_loc': 0.023, 'rank_loc': '5'}, 'site': {'siteData': {'mapunitID': '1690138', 'componentID': '24210069', 'componentKind': 'Series', 'dataSource': 'SSURGO', 'textureInfill': 'No', 'rfvInfill': 'No', 'componentPct': 5, 'distance': 96.0, 'minCompDistance': 96.0, 'slope': 1.0, 'nirrcapcl': '6', 'nirrcapscl': 's', 'nirrcapunit': 'None', 'irrcapcl': 'None', 'irrcapscl': 'None', 'irrcapunit': 'None', 'taxsubgrp': 'Sodic Xeric Haplocambids', 'sdeURL': 'https://casoilresource.lawr.ucdavis.edu/sde/?series=abert', 'seeURL': 'https://casoilresource.lawr.ucdavis.edu/see/#abert'}, 'siteDescription': 'The Abert series consists of very deep, well drained soils that formed in eolian material derived from volcanic ash over lacustrine deposits derived from mixed volcanic rocks and volcanic ash.  Abert soils are on lakebeds.  Slopes are 0 to 2 percent.  The mean annual precipitation is about 230 mm and the mean annual temperature is about 7 degrees C.'}, 'esd': {'ESD': {'ecoclassid': ['R024XY005OR'], 'ecoclassname': ['SODIC DUNES'], 'esd_url': ['']}}, 'bottom_depth': {0: 5, 1: 20, 2: 33, 3: 64, 4: 89, 5: 152}, 'sand': {0: 80.0, 1: 65.0, 2: 45.0, 3: 27.0, 4: 24.0, 5: 77.0}, 'clay': {0: 5.0, 1: 10.0, 2: 15.0, 3: 20.0, 4: 18.0, 5: 5.0}, 'texture': {0: 'Loamy sand', 1: 'Sandy loam', 2: 'Loam', 3: 'Silt loam', 4: 'Silt loam', 5: 'Loamy sand'}, 'rock_fragments': {0: 0, 1: 0, 2: 0, 3: 0, 4: 0, 5: 30}, 'cec': {0: 'CEC', 1: 'CEC'}, 'ph': {0: 7.0, 1: 7.2, 2: 8.4, 3: 9.4, 4: 9.1, 5: 9.2}, 'ec': {0: 0.0, 1: 0.0, 2: 1.0, 3: 4.9, 4: 15.0, 5: 15.5}, 'lab': {0: [51.59, 3.18, 12.68], 1: [61.7, 2.84, 13.07], 2: [61.7, 4.12, 19.07], 3: [65.16, 3.2, 15.06], 4: [71.61, 2.45, 13.21], 5: [61.7, 4.12, 19.07]}, 'munsell': {0: '10YR 5/2', 1: '10YR 6/2', 2: '10YR 6/3', 3: '10YR 6/2', 4: '10YR 7/2', 5: '10YR 6/3'}}, {'id': {'name': 'Salhouse', 'component': 'Salhouse', 'score_loc': 0.014, 'rank_loc': '6'}, 'site': {'siteData': {'mapunitID': '1690138', 'componentID': '24210070', 'componentKind': 'Series', 'dataSource': 'SSURGO', 'textureInfill': 'No', 'rfvInfill': 'No', 'componentPct': 3, 'distance': 96.0, 'minCompDistance': 96.0, 'slope': 4.0, 'nirrcapcl': '6', 'nirrcapscl': 'e', 'nirrcapunit': 'None', 'irrcapcl': 'None', 'irrcapscl': 'None', 'irrcapunit': 'None', 'taxsubgrp': 'Vitrandic Torripsamments', 'sdeURL': 'https://casoilresource.lawr.ucdavis.edu/sde/?series=salhouse', 'seeURL': 'https://casoilresource.lawr.ucdavis.edu/see/#salhouse'}, 'siteDescription': 'The Salhouse series consists of very deep, somewhat excessively drained soils that formed in eolian material derived from volcanic ash over lacustrine deposits derived from volcanic rocks. Salhouse soils are on stable dunes on beach ridges and sand sheets on lakebeds. Slopes are 0 to 20 percent. The mean annual precipitation is about 230 mm and the mean annual temperature is about 7 degrees C.'}, 'esd': {'ESD': {'ecoclassid': ['R024XY645OR'], 'ecoclassname': ['SILTY ALKALINE BOTTOM  8-10 PZ'], 'esd_url': ['']}}, 'bottom_depth': {0: 13, 1: 107, 2: 155}, 'sand': {0: 80.0, 1: 85.0, 2: 20.0}, 'clay': {0: 5.0, 1: 3.0, 2: 25.0}, 'texture': {0: 'Loamy sand', 1: 'Loamy sand', 2: 'Silt loam'}, 'rock_fragments': {0: 0, 1: 0, 2: 0}, 'cec': {0: 'CEC', 1: 'CEC'}, 'ph': {0: 8.0, 1: 8.6, 2: 8.4}, 'ec': {0: 5.0, 1: 5.0, 2: 6.0}, 'lab': {0: [61.7, 2.84, 13.07], 1: [51.59, 3.18, 12.68], 2: [61.7, 2.84, 13.07]}, 'munsell': {0: '10YR 6/2', 1: '10YR 5/2', 2: '10YR 6/2'}}, {'id': {'name': 'Horning2', 'component': 'Horning', 'score_loc': 0.5, 'rank_loc': 'Not Displayed'}, 'site': {'siteData': {'mapunitID': '1689876', 'componentID': '24209835', 'componentKind': 'Series', 'dataSource': 'SSURGO', 'textureInfill': 'No', 'rfvInfill': 'No', 'componentPct': 85, 'distance': 508.0, 'minCompDistance': 0.0, 'slope': 8.0, 'nirrcapcl': '6', 'nirrcapscl': 'e', 'nirrcapunit': 'None', 'irrcapcl': 'None', 'irrcapscl': 'None', 'irrcapunit': 'None', 'taxsubgrp': 'Vitrandic Torriorthents', 'sdeURL': 'https://casoilresource.lawr.ucdavis.edu/sde/?series=horning', 'seeURL': 'https://casoilresource.lawr.ucdavis.edu/see/#horning'}, 'siteDescription': ''}, 'esd': {'ESD': {'ecoclassid': ['R024XY645OR'], 'ecoclassname': ['SILTY ALKALINE BOTTOM  8-10 PZ'], 'esd_url': ['']}}, 'bottom_depth': {0: 10, 1: 66, 2: 102, 3: 147, 4: 216}, 'sand': {0: 85.0, 1: 85.0, 2: 65.0, 3: 85.0, 4: 40.0}, 'clay': {0: 6.0, 1: 7.0, 2: 8.0, 3: 8.0, 4: 18.0}, 'texture': {0: 'Loamy sand', 1: 'Loamy sand', 2: 'Sandy loam', 3: 'Loamy sand', 4: 'Loam'}, 'rock_fragments': {0: 0, 1: 0, 2: 0, 3: 0, 4: 0}, 'cec': {0: 'CEC', 1: 'CEC'}, 'ph': {0: 8.0, 1: 9.0, 2: 9.5, 3: 8.6, 4: 10.3}, 'ec': {0: 3.0, 1: 5.0, 2: 10.0, 3: 2.0, 4: 10.0}, 'lab': {0: [61.7, 2.84, 13.07], 1: [61.7, 2.84, 13.07], 2: [61.7, 2.84, 13.07], 3: [71.61, 2.45, 13.21], 4: [71.62, 3.81, 19.52]}, 'munsell': {0: '10YR 6/2', 1: '10YR 6/2', 2: '10YR 6/2', 3: '10YR 7/2', 4: '10YR 7/3'}}, {'id': {'name': 'Tonor2', 'component': 'Tonor', 'score_loc': 0.4, 'rank_loc': 'Not Displayed'}, 'site': {'siteData': {'mapunitID': '1690138', 'componentID': '24210071', 'componentKind': 'Series', 'dataSource': 'SSURGO', 'textureInfill': 'No', 'rfvInfill': 'No', 'componentPct': 85, 'distance': 96.0, 'minCompDistance': 0.0, 'slope': 0.0, 'nirrcapcl': '6', 'nirrcapscl': 's', 'nirrcapunit': 'None', 'irrcapcl': 'None', 'irrcapscl': 'None', 'irrcapunit': 'None', 'taxsubgrp': 'Sodic Xeric Haplocambids', 'sdeURL': 'https://casoilresource.lawr.ucdavis.edu/sde/?series=tonor', 'seeURL': 'https://casoilresource.lawr.ucdavis.edu/see/#tonor'}, 'siteDescription': ''}, 'esd': {'ESD': {'ecoclassid': ['R024XY644OR'], 'ecoclassname': ['SILTY DUNES '], 'esd_url': ['']}}, 'bottom_depth': {0: 8, 1: 28, 2: 109, 3: 152}, 'sand': {0: 20.0, 1: 45.0, 2: 60.0, 3: 20.0}, 'clay': {0: 15.0, 1: 15.0, 2: 15.0, 3: 20.0}, 'texture': {0: 'Silt loam', 1: 'Loam', 2: 'Sandy loam', 3: 'Silt loam'}, 'rock_fragments': {0: 0, 1: 0, 2: 0, 3: 50}, 'cec': {0: 'CEC', 1: 'CEC'}, 'ph': {0: 8.0, 1: 8.0, 2: 9.6, 3: 8.2}, 'ec': {0: 0.0, 1: 2.0, 2: 5.0, 3: 3.0}, 'lab': {0: [61.7, 2.84, 13.07], 1: [61.7, 4.12, 19.07], 2: [67.94, 3.07, 15.38], 3: [81.37, 2.01, 13.47]}, 'munsell': {0: '10YR 6/2', 1: '10YR 6/3', 2: '10YR 7/2', 3: '10YR 8/2'}}]}, rank_data_csv='compname,sandpct_intpl,claypct_intpl,rfv_intpl,l,a,b\nhorning1,80.0,7.5,0.0,61.697067323018075,2.8371126143821868,13.070192506682199\nhorning1,80.0,7.5,0.0,61.697067323018075,2.8371126143821868,13.070192506682199\nhorning1,80.0,7.5,0.0,61.697067323018075,2.8371126143821868,13.070192506682199\nhorning1,80.0,7.5,0.0,61.697067323018075,2.8371126143821868,13.070192506682199\nhorning1,80.0,7.5,0.0,61.697067323018075,2.8371126143821868,13.070192506682199\nhorning1,80.0,7.5,0.0,61.697067323018075,2.8371126143821868,13.070192506682199\nhorning1,80.0,7.5,0.0,61.697067323018075,2.8371126143821868,13.070192506682199\nhorning1,80.0,7.5,0.0,61.697067323018075,2.8371126143821868,13.070192506682199\nhorning1,80.0,7.5,0.0,61.697067323018075,2.8371126143821868,13.070192506682199\nhorning1,80.0,7.5,0.0,61.697067323018075,2.8371126143821868,13.070192506682199\nhorning1,80.0,7.5,0.0,61.697067323018075,2.8371126143821868,13.070192506682199\nhorning1,80.0,7.5,0.0,61.697067323018075,2.8371126143821868,13.070192506682199\nhorning1,80.0,7.5,0.0,61.697067323018075,2.8371126143821868,13.070192506682199\nhorning1,80.0,7.5,0.0,61.697067323018075,2.8371126143821868,13.070192506682199\nhorning1,80.0,7.5,0.0,61.697067323018075,2.8371126143821868,13.070192506682199\nhorning1,80.0,7.5,0.0,61.697067323018075,2.8371126143821868,13.070192506682199\nhorning1,80.0,7.5,0.0,61.697067323018075,2.8371126143821868,13.070192506682199\nhorning1,80.0,7.5,0.0,61.697067323018075,2.8371126143821868,13.070192506682199\nhorning1,80.0,7.5,0.0,61.697067323018075,2.8371126143821868,13.070192506682199\nhorning1,80.0,7.5,0.0,61.697067323018075,2.8371126143821868,13.070192506682199\nhorning1,80.0,7.5,0.0,61.697067323018075,2.8371126143821868,13.070192506682199\nhorning1,80.0,7.5,0.0,61.697067323018075,2.8371126143821868,13.070192506682199\nhorning1,80.0,7.5,0.0,61.697067323018075,2.8371126143821868,13.070192506682199\nhorning1,80.0,7.5,0.0,61.697067323018075,2.8371126143821868,13.070192506682199\nhorning1,80.0,7.5,0.0,61.697067323018075,2.8371126143821868,13.070192506682199\nhorning1,80.0,7.5,0.0,61.697067323018075,2.8371126143821868,13.070192506682199\nhorning1,80.0,7.5,0.0,61.697067323018075,2.8371126143821868,13.070192506682199\nhorning1,80.0,7.5,0.0,61.697067323018075,2.8371126143821868,13.070192506682199\nhorning1,80.0,7.5,0.0,61.697067323018075,2.8371126143821868,13.070192506682199\nhorning1,80.0,7.5,0.0,61.697067323018075,2.8371126143821868,13.070192506682199\nhorning1,80.0,7.5,0.0,61.697067323018075,2.8371126143821868,13.070192506682199\nhorning1,80.0,7.5,0.0,61.697067323018075,2.8371126143821868,13.070192506682199\nhorning1,80.0,7.5,0.0,61.697067323018075,2.8371126143821868,13.070192506682199\nhorning1,80.0,7.5,0.0,61.697067323018075,2.8371126143821868,13.070192506682199\nhorning1,80.0,7.5,0.0,61.697067323018075,2.8371126143821868,13.070192506682199\nhorning1,80.0,7.5,0.0,61.697067323018075,2.8371126143821868,13.070192506682199\nhorning1,80.0,7.5,0.0,61.697067323018075,2.8371126143821868,13.070192506682199\nhorning1,80.0,7.5,0.0,61.697067323018075,2.8371126143821868,13.070192506682199\nhorning1,80.0,7.5,0.0,61.697067323018075,2.8371126143821868,13.070192506682199\nhorning1,80.0,7.5,0.0,61.697067323018075,2.8371126143821868,13.070192506682199\nhorning1,80.0,7.5,0.0,61.697067323018075,2.8371126143821868,13.070192506682199\nhorning1,80.0,7.5,0.0,61.697067323018075,2.8371126143821868,13.070192506682199\nhorning1,80.0,7.5,0.0,61.697067323018075,2.8371126143821868,13.070192506682199\nhorning1,80.0,7.5,0.0,61.697067323018075,2.8371126143821868,13.070192506682199\nhorning1,80.0,7.5,0.0,61.697067323018075,2.8371126143821868,13.070192506682199\nhorning1,80.0,7.5,0.0,61.697067323018075,2.8371126143821868,13.070192506682199\nhorning1,80.0,7.5,0.0,61.697067323018075,2.8371126143821868,13.070192506682199\nhorning1,80.0,7.5,0.0,61.697067323018075,2.8371126143821868,13.070192506682199\nhorning1,80.0,7.5,0.0,61.697067323018075,2.8371126143821868,13.070192506682199\nhorning1,80.0,7.5,0.0,61.697067323018075,2.8371126143821868,13.070192506682199\nhorning1,80.0,7.5,0.0,61.697067323018075,2.8371126143821868,13.070192506682199\nhorning1,80.0,7.5,0.0,61.697067323018075,2.8371126143821868,13.070192506682199\nhorning1,80.0,7.5,0.0,61.697067323018075,2.8371126143821868,13.070192506682199\nhorning1,80.0,7.5,0.0,61.697067323018075,2.8371126143821868,13.070192506682199\nhorning1,80.0,7.5,0.0,61.697067323018075,2.8371126143821868,13.070192506682199\nhorning1,80.0,7.5,0.0,61.697067323018075,2.8371126143821868,13.070192506682199\nhorning1,80.0,7.5,0.0,61.697067323018075,2.8371126143821868,13.070192506682199\nhorning1,80.0,7.5,0.0,61.697067323018075,2.8371126143821868,13.070192506682199\nhorning1,80.0,7.5,0.0,61.697067323018075,2.8371126143821868,13.070192506682199\nhorning1,80.0,7.5,0.0,61.697067323018075,2.8371126143821868,13.070192506682199\nhorning1,80.0,7.5,0.0,61.697067323018075,2.8371126143821868,13.070192506682199\nhorning1,80.0,7.5,0.0,61.697067323018075,2.8371126143821868,13.070192506682199\nhorning1,80.0,7.5,0.0,61.697067323018075,2.8371126143821868,13.070192506682199\nhorning1,80.0,7.5,0.0,61.697067323018075,2.8371126143821868,13.070192506682199\nhorning1,80.0,7.5,0.0,61.697067323018075,2.8371126143821868,13.070192506682199\nhorning1,80.0,7.5,0.0,61.697067323018075,2.8371126143821868,13.070192506682199\nhorning1,61.5,10.0,0.0,61.697067323018075,2.8371126143821868,13.070192506682199\nhorning1,61.5,10.0,0.0,61.697067323018075,2.8371126143821868,13.070192506682199\nhorning1,61.5,10.0,0.0,61.697067323018075,2.8371126143821868,13.070192506682199\nhorning1,61.5,10.0,0.0,61.697067323018075,2.8371126143821868,13.070192506682199\nhorning1,61.5,10.0,0.0,61.697067323018075,2.8371126143821868,13.070192506682199\nhorning1,61.5,10.0,0.0,61.697067323018075,2.8371126143821868,13.070192506682199\nhorning1,61.5,10.0,0.0,61.697067323018075,2.8371126143821868,13.070192506682199\nhorning1,61.5,10.0,0.0,61.697067323018075,2.8371126143821868,13.070192506682199\nhorning1,61.5,10.0,0.0,61.697067323018075,2.8371126143821868,13.070192506682199\nhorning1,61.5,10.0,0.0,61.697067323018075,2.8371126143821868,13.070192506682199\nhorning1,61.5,10.0,0.0,61.697067323018075,2.8371126143821868,13.070192506682199\nhorning1,61.5,10.0,0.0,61.697067323018075,2.8371126143821868,13.070192506682199\nhorning1,61.5,10.0,0.0,61.697067323018075,2.8371126143821868,13.070192506682199\nhorning1,61.5,10.0,0.0,61.697067323018075,2.8371126143821868,13.070192506682199\nhorning1,61.5,10.0,0.0,61.697067323018075,2.8371126143821868,13.070192506682199\nhorning1,61.5,10.0,0.0,61.697067323018075,2.8371126143821868,13.070192506682199\nhorning1,61.5,10.0,0.0,61.697067323018075,2.8371126143821868,13.070192506682199\nhorning1,61.5,10.0,0.0,61.697067323018075,2.8371126143821868,13.070192506682199\nhorning1,61.5,10.0,0.0,61.697067323018075,2.8371126143821868,13.070192506682199\nhorning1,61.5,10.0,0.0,61.697067323018075,2.8371126143821868,13.070192506682199\nhorning1,61.5,10.0,0.0,61.697067323018075,2.8371126143821868,13.070192506682199\nhorning1,61.5,10.0,0.0,61.697067323018075,2.8371126143821868,13.070192506682199\nhorning1,61.5,10.0,0.0,61.697067323018075,2.8371126143821868,13.070192506682199\nhorning1,61.5,10.0,0.0,61.697067323018075,2.8371126143821868,13.070192506682199\nhorning1,61.5,10.0,0.0,61.697067323018075,2.8371126143821868,13.070192506682199\nhorning1,61.5,10.0,0.0,61.697067323018075,2.8371126143821868,13.070192506682199\nhorning1,61.5,10.0,0.0,61.697067323018075,2.8371126143821868,13.070192506682199\nhorning1,61.5,10.0,0.0,61.697067323018075,2.8371126143821868,13.070192506682199\nhorning1,61.5,10.0,0.0,61.697067323018075,2.8371126143821868,13.070192506682199\nhorning1,61.5,10.0,0.0,61.697067323018075,2.8371126143821868,13.070192506682199\nhorning1,61.5,10.0,0.0,61.697067323018075,2.8371126143821868,13.070192506682199\nhorning1,61.5,10.0,0.0,61.697067323018075,2.8371126143821868,13.070192506682199\nhorning1,61.5,10.0,0.0,61.697067323018075,2.8371126143821868,13.070192506682199\nhorning1,61.5,10.0,0.0,61.697067323018075,2.8371126143821868,13.070192506682199\nhorning1,61.5,10.0,0.0,61.697067323018075,2.8371126143821868,13.070192506682199\nhorning1,61.5,10.0,0.0,61.697067323018075,2.8371126143821868,13.070192506682199\nhorning1,80.0,7.5,0.0,71.6142334683441,2.4486888435130694,13.21230935513964\nhorning1,80.0,7.5,0.0,71.6142334683441,2.4486888435130694,13.21230935513964\nhorning1,80.0,7.5,0.0,71.6142334683441,2.4486888435130694,13.21230935513964\nhorning1,80.0,7.5,0.0,71.6142334683441,2.4486888435130694,13.21230935513964\nhorning1,80.0,7.5,0.0,71.6142334683441,2.4486888435130694,13.21230935513964\nhorning1,80.0,7.5,0.0,71.6142334683441,2.4486888435130694,13.21230935513964\nhorning1,80.0,7.5,0.0,71.6142334683441,2.4486888435130694,13.21230935513964\nhorning1,80.0,7.5,0.0,71.6142334683441,2.4486888435130694,13.21230935513964\nhorning1,80.0,7.5,0.0,71.6142334683441,2.4486888435130694,13.21230935513964\nhorning1,80.0,7.5,0.0,71.6142334683441,2.4486888435130694,13.21230935513964\nhorning1,80.0,7.5,0.0,71.6142334683441,2.4486888435130694,13.21230935513964\nhorning1,80.0,7.5,0.0,71.6142334683441,2.4486888435130694,13.21230935513964\nhorning1,80.0,7.5,0.0,71.6142334683441,2.4486888435130694,13.21230935513964\nhorning1,80.0,7.5,0.0,71.6142334683441,2.4486888435130694,13.21230935513964\nhorning1,80.0,7.5,0.0,71.6142334683441,2.4486888435130694,13.21230935513964\nhorning1,80.0,7.5,0.0,71.6142334683441,2.4486888435130694,13.21230935513964\nhorning1,80.0,7.5,0.0,71.6142334683441,2.4486888435130694,13.21230935513964\nhorning1,80.0,7.5,0.0,71.6142334683441,2.4486888435130694,13.21230935513964\nhorning1,80.0,7.5,0.0,71.6142334683441,2.4486888435130694,13.21230935513964\nhorning1,80.0,7.5,0.0,71.6142334683441,2.4486888435130694,13.21230935513964\nhorning1,80.0,7.5,0.0,71.6142334683441,2.4486888435130694,13.21230935513964\nhorning1,80.0,7.5,0.0,71.6142334683441,2.4486888435130694,13.21230935513964\nhorning1,80.0,7.5,0.0,71.6142334683441,2.4486888435130694,13.21230935513964\nhorning1,80.0,7.5,0.0,71.6142334683441,2.4486888435130694,13.21230935513964\nhorning1,80.0,7.5,0.0,71.6142334683441,2.4486888435130694,13.21230935513964\nhorning1,80.0,7.5,0.0,71.6142334683441,2.4486888435130694,13.21230935513964\nhorning1,80.0,7.5,0.0,71.6142334683441,2.4486888435130694,13.21230935513964\nhorning1,80.0,7.5,0.0,71.6142334683441,2.4486888435130694,13.21230935513964\nhorning1,80.0,7.5,0.0,71.6142334683441,2.4486888435130694,13.21230935513964\nhorning1,80.0,7.5,0.0,71.6142334683441,2.4486888435130694,13.21230935513964\nhorning1,80.0,7.5,0.0,71.6142334683441,2.4486888435130694,13.21230935513964\nhorning1,80.0,7.5,0.0,71.6142334683441,2.4486888435130694,13.21230935513964\nhorning1,80.0,7.5,0.0,71.6142334683441,2.4486888435130694,13.21230935513964\nhorning1,80.0,7.5,0.0,71.6142334683441,2.4486888435130694,13.21230935513964\nhorning1,80.0,7.5,0.0,71.6142334683441,2.4486888435130694,13.21230935513964\nhorning1,80.0,7.5,0.0,71.6142334683441,2.4486888435130694,13.21230935513964\nhorning1,80.0,7.5,0.0,71.6142334683441,2.4486888435130694,13.21230935513964\nhorning1,80.0,7.5,0.0,71.6142334683441,2.4486888435130694,13.21230935513964\nhorning1,80.0,7.5,0.0,71.6142334683441,2.4486888435130694,13.21230935513964\nhorning1,80.0,7.5,0.0,71.6142334683441,2.4486888435130694,13.21230935513964\nhorning1,80.0,7.5,0.0,71.6142334683441,2.4486888435130694,13.21230935513964\nhorning1,80.0,7.5,0.0,71.6142334683441,2.4486888435130694,13.21230935513964\nhorning1,80.0,7.5,0.0,71.6142334683441,2.4486888435130694,13.21230935513964\nhorning1,80.0,7.5,0.0,71.6142334683441,2.4486888435130694,13.21230935513964\nhorning1,80.0,7.5,0.0,71.6142334683441,2.4486888435130694,13.21230935513964\nhorning1,37.5,17.0,0.0,71.62102322628361,3.8066168800687805,19.518010472572712\nhorning1,37.5,17.0,0.0,71.62102322628361,3.8066168800687805,19.518010472572712\nhorning1,37.5,17.0,0.0,71.62102322628361,3.8066168800687805,19.518010472572712\nhorning1,37.5,17.0,0.0,71.62102322628361,3.8066168800687805,19.518010472572712\nhorning1,37.5,17.0,0.0,71.62102322628361,3.8066168800687805,19.518010472572712\nhorning1,37.5,17.0,0.0,71.62102322628361,3.8066168800687805,19.518010472572712\nhorning1,37.5,17.0,0.0,71.62102322628361,3.8066168800687805,19.518010472572712\nhorning1,37.5,17.0,0.0,71.62102322628361,3.8066168800687805,19.518010472572712\nhorning1,37.5,17.0,0.0,71.62102322628361,3.8066168800687805,19.518010472572712\nhorning1,37.5,17.0,0.0,71.62102322628361,3.8066168800687805,19.518010472572712\nhorning1,37.5,17.0,0.0,71.62102322628361,3.8066168800687805,19.518010472572712\nhorning1,37.5,17.0,0.0,71.62102322628361,3.8066168800687805,19.518010472572712\nhorning1,37.5,17.0,0.0,71.62102322628361,3.8066168800687805,19.518010472572712\nhorning1,37.5,17.0,0.0,71.62102322628361,3.8066168800687805,19.518010472572712\nhorning1,37.5,17.0,0.0,71.62102322628361,3.8066168800687805,19.518010472572712\nhorning1,37.5,17.0,0.0,71.62102322628361,3.8066168800687805,19.518010472572712\nhorning1,37.5,17.0,0.0,71.62102322628361,3.8066168800687805,19.518010472572712\nhorning1,37.5,17.0,0.0,71.62102322628361,3.8066168800687805,19.518010472572712\nhorning1,37.5,17.0,0.0,71.62102322628361,3.8066168800687805,19.518010472572712\nhorning1,37.5,17.0,0.0,71.62102322628361,3.8066168800687805,19.518010472572712\nhorning1,37.5,17.0,0.0,71.62102322628361,3.8066168800687805,19.518010472572712\nhorning1,37.5,17.0,0.0,71.62102322628361,3.8066168800687805,19.518010472572712\nhorning1,37.5,17.0,0.0,71.62102322628361,3.8066168800687805,19.518010472572712\nhorning1,37.5,17.0,0.0,71.62102322628361,3.8066168800687805,19.518010472572712\nhorning1,37.5,17.0,0.0,71.62102322628361,3.8066168800687805,19.518010472572712\nhorning1,37.5,17.0,0.0,71.62102322628361,3.8066168800687805,19.518010472572712\nhorning1,37.5,17.0,0.0,71.62102322628361,3.8066168800687805,19.518010472572712\nhorning1,37.5,17.0,0.0,71.62102322628361,3.8066168800687805,19.518010472572712\nhorning1,37.5,17.0,0.0,71.62102322628361,3.8066168800687805,19.518010472572712\nhorning1,37.5,17.0,0.0,71.62102322628361,3.8066168800687805,19.518010472572712\nhorning1,37.5,17.0,0.0,71.62102322628361,3.8066168800687805,19.518010472572712\nhorning1,37.5,17.0,0.0,71.62102322628361,3.8066168800687805,19.518010472572712\nhorning1,37.5,17.0,0.0,71.62102322628361,3.8066168800687805,19.518010472572712\nhorning1,37.5,17.0,0.0,71.62102322628361,3.8066168800687805,19.518010472572712\nhorning1,37.5,17.0,0.0,71.62102322628361,3.8066168800687805,19.518010472572712\nhorning1,37.5,17.0,0.0,71.62102322628361,3.8066168800687805,19.518010472572712\nhorning1,37.5,17.0,0.0,71.62102322628361,3.8066168800687805,19.518010472572712\nhorning1,37.5,17.0,0.0,71.62102322628361,3.8066168800687805,19.518010472572712\nhorning1,37.5,17.0,0.0,71.62102322628361,3.8066168800687805,19.518010472572712\nhorning1,37.5,17.0,0.0,71.62102322628361,3.8066168800687805,19.518010472572712\nhorning1,37.5,17.0,0.0,71.62102322628361,3.8066168800687805,19.518010472572712\nhorning1,37.5,17.0,0.0,71.62102322628361,3.8066168800687805,19.518010472572712\nhorning1,37.5,17.0,0.0,71.62102322628361,3.8066168800687805,19.518010472572712\nhorning1,37.5,17.0,0.0,71.62102322628361,3.8066168800687805,19.518010472572712\nhorning1,37.5,17.0,0.0,71.62102322628361,3.8066168800687805,19.518010472572712\nhorning1,37.5,17.0,0.0,71.62102322628361,3.8066168800687805,19.518010472572712\nhorning1,37.5,17.0,0.0,71.62102322628361,3.8066168800687805,19.518010472572712\nhorning1,37.5,17.0,0.0,71.62102322628361,3.8066168800687805,19.518010472572712\nhorning1,37.5,17.0,0.0,71.62102322628361,3.8066168800687805,19.518010472572712\nhorning1,37.5,17.0,0.0,71.62102322628361,3.8066168800687805,19.518010472572712\nhorning1,37.5,17.0,0.0,71.62102322628361,3.8066168800687805,19.518010472572712\nhorning1,37.5,17.0,0.0,71.62102322628361,3.8066168800687805,19.518010472572712\nhorning1,37.5,17.0,0.0,71.62102322628361,3.8066168800687805,19.518010472572712\nhorning2,80.0,7.5,0.0,61.697067323018075,2.8371126143821868,13.070192506682199\nhorning2,80.0,7.5,0.0,61.697067323018075,2.8371126143821868,13.070192506682199\nhorning2,80.0,7.5,0.0,61.697067323018075,2.8371126143821868,13.070192506682199\nhorning2,80.0,7.5,0.0,61.697067323018075,2.8371126143821868,13.070192506682199\nhorning2,80.0,7.5,0.0,61.697067323018075,2.8371126143821868,13.070192506682199\nhorning2,80.0,7.5,0.0,61.697067323018075,2.8371126143821868,13.070192506682199\nhorning2,80.0,7.5,0.0,61.697067323018075,2.8371126143821868,13.070192506682199\nhorning2,80.0,7.5,0.0,61.697067323018075,2.8371126143821868,13.070192506682199\nhorning2,80.0,7.5,0.0,61.697067323018075,2.8371126143821868,13.070192506682199\nhorning2,80.0,7.5,0.0,61.697067323018075,2.8371126143821868,13.070192506682199\nhorning2,80.0,7.5,0.0,61.697067323018075,2.8371126143821868,13.070192506682199\nhorning2,80.0,7.5,0.0,61.697067323018075,2.8371126143821868,13.070192506682199\nhorning2,80.0,7.5,0.0,61.697067323018075,2.8371126143821868,13.070192506682199\nhorning2,80.0,7.5,0.0,61.697067323018075,2.8371126143821868,13.070192506682199\nhorning2,80.0,7.5,0.0,61.697067323018075,2.8371126143821868,13.070192506682199\nhorning2,80.0,7.5,0.0,61.697067323018075,2.8371126143821868,13.070192506682199\nhorning2,80.0,7.5,0.0,61.697067323018075,2.8371126143821868,13.070192506682199\nhorning2,80.0,7.5,0.0,61.697067323018075,2.8371126143821868,13.070192506682199\nhorning2,80.0,7.5,0.0,61.697067323018075,2.8371126143821868,13.070192506682199\nhorning2,80.0,7.5,0.0,61.697067323018075,2.8371126143821868,13.070192506682199\nhorning2,80.0,7.5,0.0,61.697067323018075,2.8371126143821868,13.070192506682199\nhorning2,80.0,7.5,0.0,61.697067323018075,2.8371126143821868,13.070192506682199\nhorning2,80.0,7.5,0.0,61.697067323018075,2.8371126143821868,13.070192506682199\nhorning2,80.0,7.5,0.0,61.697067323018075,2.8371126143821868,13.070192506682199\nhorning2,80.0,7.5,0.0,61.697067323018075,2.8371126143821868,13.070192506682199\nhorning2,80.0,7.5,0.0,61.697067323018075,2.8371126143821868,13.070192506682199\nhorning2,80.0,7.5,0.0,61.697067323018075,2.8371126143821868,13.070192506682199\nhorning2,80.0,7.5,0.0,61.697067323018075,2.8371126143821868,13.070192506682199\nhorning2,80.0,7.5,0.0,61.697067323018075,2.8371126143821868,13.070192506682199\nhorning2,80.0,7.5,0.0,61.697067323018075,2.8371126143821868,13.070192506682199\nhorning2,80.0,7.5,0.0,61.697067323018075,2.8371126143821868,13.070192506682199\nhorning2,80.0,7.5,0.0,61.697067323018075,2.8371126143821868,13.070192506682199\nhorning2,80.0,7.5,0.0,61.697067323018075,2.8371126143821868,13.070192506682199\nhorning2,80.0,7.5,0.0,61.697067323018075,2.8371126143821868,13.070192506682199\nhorning2,80.0,7.5,0.0,61.697067323018075,2.8371126143821868,13.070192506682199\nhorning2,80.0,7.5,0.0,61.697067323018075,2.8371126143821868,13.070192506682199\nhorning2,80.0,7.5,0.0,61.697067323018075,2.8371126143821868,13.070192506682199\nhorning2,80.0,7.5,0.0,61.697067323018075,2.8371126143821868,13.070192506682199\nhorning2,80.0,7.5,0.0,61.697067323018075,2.8371126143821868,13.070192506682199\nhorning2,80.0,7.5,0.0,61.697067323018075,2.8371126143821868,13.070192506682199\nhorning2,80.0,7.5,0.0,61.697067323018075,2.8371126143821868,13.070192506682199\nhorning2,80.0,7.5,0.0,61.697067323018075,2.8371126143821868,13.070192506682199\nhorning2,80.0,7.5,0.0,61.697067323018075,2.8371126143821868,13.070192506682199\nhorning2,80.0,7.5,0.0,61.697067323018075,2.8371126143821868,13.070192506682199\nhorning2,80.0,7.5,0.0,61.697067323018075,2.8371126143821868,13.070192506682199\nhorning2,80.0,7.5,0.0,61.697067323018075,2.8371126143821868,13.070192506682199\nhorning2,80.0,7.5,0.0,61.697067323018075,2.8371126143821868,13.070192506682199\nhorning2,80.0,7.5,0.0,61.697067323018075,2.8371126143821868,13.070192506682199\nhorning2,80.0,7.5,0.0,61.697067323018075,2.8371126143821868,13.070192506682199\nhorning2,80.0,7.5,0.0,61.697067323018075,2.8371126143821868,13.070192506682199\nhorning2,80.0,7.5,0.0,61.697067323018075,2.8371126143821868,13.070192506682199\nhorning2,80.0,7.5,0.0,61.697067323018075,2.8371126143821868,13.070192506682199\nhorning2,80.0,7.5,0.0,61.697067323018075,2.8371126143821868,13.070192506682199\nhorning2,80.0,7.5,0.0,61.697067323018075,2.8371126143821868,13.070192506682199\nhorning2,80.0,7.5,0.0,61.697067323018075,2.8371126143821868,13.070192506682199\nhorning2,80.0,7.5,0.0,61.697067323018075,2.8371126143821868,13.070192506682199\nhorning2,80.0,7.5,0.0,61.697067323018075,2.8371126143821868,13.070192506682199\nhorning2,80.0,7.5,0.0,61.697067323018075,2.8371126143821868,13.070192506682199\nhorning2,80.0,7.5,0.0,61.697067323018075,2.8371126143821868,13.070192506682199\nhorning2,80.0,7.5,0.0,61.697067323018075,2.8371126143821868,13.070192506682199\nhorning2,80.0,7.5,0.0,61.697067323018075,2.8371126143821868,13.070192506682199\nhorning2,80.0,7.5,0.0,61.697067323018075,2.8371126143821868,13.070192506682199\nhorning2,80.0,7.5,0.0,61.697067323018075,2.8371126143821868,13.070192506682199\nhorning2,80.0,7.5,0.0,61.697067323018075,2.8371126143821868,13.070192506682199\nhorning2,80.0,7.5,0.0,61.697067323018075,2.8371126143821868,13.070192506682199\nhorning2,80.0,7.5,0.0,61.697067323018075,2.8371126143821868,13.070192506682199\nhorning2,61.5,10.0,0.0,61.697067323018075,2.8371126143821868,13.070192506682199\nhorning2,61.5,10.0,0.0,61.697067323018075,2.8371126143821868,13.070192506682199\nhorning2,61.5,10.0,0.0,61.697067323018075,2.8371126143821868,13.070192506682199\nhorning2,61.5,10.0,0.0,61.697067323018075,2.8371126143821868,13.070192506682199\nhorning2,61.5,10.0,0.0,61.697067323018075,2.8371126143821868,13.070192506682199\nhorning2,61.5,10.0,0.0,61.697067323018075,2.8371126143821868,13.070192506682199\nhorning2,61.5,10.0,0.0,61.697067323018075,2.8371126143821868,13.070192506682199\nhorning2,61.5,10.0,0.0,61.697067323018075,2.8371126143821868,13.070192506682199\nhorning2,61.5,10.0,0.0,61.697067323018075,2.8371126143821868,13.070192506682199\nhorning2,61.5,10.0,0.0,61.697067323018075,2.8371126143821868,13.070192506682199\nhorning2,61.5,10.0,0.0,61.697067323018075,2.8371126143821868,13.070192506682199\nhorning2,61.5,10.0,0.0,61.697067323018075,2.8371126143821868,13.070192506682199\nhorning2,61.5,10.0,0.0,61.697067323018075,2.8371126143821868,13.070192506682199\nhorning2,61.5,10.0,0.0,61.697067323018075,2.8371126143821868,13.070192506682199\nhorning2,61.5,10.0,0.0,61.697067323018075,2.8371126143821868,13.070192506682199\nhorning2,61.5,10.0,0.0,61.697067323018075,2.8371126143821868,13.070192506682199\nhorning2,61.5,10.0,0.0,61.697067323018075,2.8371126143821868,13.070192506682199\nhorning2,61.5,10.0,0.0,61.697067323018075,2.8371126143821868,13.070192506682199\nhorning2,61.5,10.0,0.0,61.697067323018075,2.8371126143821868,13.070192506682199\nhorning2,61.5,10.0,0.0,61.697067323018075,2.8371126143821868,13.070192506682199\nhorning2,61.5,10.0,0.0,61.697067323018075,2.8371126143821868,13.070192506682199\nhorning2,61.5,10.0,0.0,61.697067323018075,2.8371126143821868,13.070192506682199\nhorning2,61.5,10.0,0.0,61.697067323018075,2.8371126143821868,13.070192506682199\nhorning2,61.5,10.0,0.0,61.697067323018075,2.8371126143821868,13.070192506682199\nhorning2,61.5,10.0,0.0,61.697067323018075,2.8371126143821868,13.070192506682199\nhorning2,61.5,10.0,0.0,61.697067323018075,2.8371126143821868,13.070192506682199\nhorning2,61.5,10.0,0.0,61.697067323018075,2.8371126143821868,13.070192506682199\nhorning2,61.5,10.0,0.0,61.697067323018075,2.8371126143821868,13.070192506682199\nhorning2,61.5,10.0,0.0,61.697067323018075,2.8371126143821868,13.070192506682199\nhorning2,61.5,10.0,0.0,61.697067323018075,2.8371126143821868,13.070192506682199\nhorning2,61.5,10.0,0.0,61.697067323018075,2.8371126143821868,13.070192506682199\nhorning2,61.5,10.0,0.0,61.697067323018075,2.8371126143821868,13.070192506682199\nhorning2,61.5,10.0,0.0,61.697067323018075,2.8371126143821868,13.070192506682199\nhorning2,61.5,10.0,0.0,61.697067323018075,2.8371126143821868,13.070192506682199\nhorning2,61.5,10.0,0.0,61.697067323018075,2.8371126143821868,13.070192506682199\nhorning2,61.5,10.0,0.0,61.697067323018075,2.8371126143821868,13.070192506682199\nhorning2,80.0,7.5,0.0,71.6142334683441,2.4486888435130694,13.21230935513964\nhorning2,80.0,7.5,0.0,71.6142334683441,2.4486888435130694,13.21230935513964\nhorning2,80.0,7.5,0.0,71.6142334683441,2.4486888435130694,13.21230935513964\nhorning2,80.0,7.5,0.0,71.6142334683441,2.4486888435130694,13.21230935513964\nhorning2,80.0,7.5,0.0,71.6142334683441,2.4486888435130694,13.21230935513964\nhorning2,80.0,7.5,0.0,71.6142334683441,2.4486888435130694,13.21230935513964\nhorning2,80.0,7.5,0.0,71.6142334683441,2.4486888435130694,13.21230935513964\nhorning2,80.0,7.5,0.0,71.6142334683441,2.4486888435130694,13.21230935513964\nhorning2,80.0,7.5,0.0,71.6142334683441,2.4486888435130694,13.21230935513964\nhorning2,80.0,7.5,0.0,71.6142334683441,2.4486888435130694,13.21230935513964\nhorning2,80.0,7.5,0.0,71.6142334683441,2.4486888435130694,13.21230935513964\nhorning2,80.0,7.5,0.0,71.6142334683441,2.4486888435130694,13.21230935513964\nhorning2,80.0,7.5,0.0,71.6142334683441,2.4486888435130694,13.21230935513964\nhorning2,80.0,7.5,0.0,71.6142334683441,2.4486888435130694,13.21230935513964\nhorning2,80.0,7.5,0.0,71.6142334683441,2.4486888435130694,13.21230935513964\nhorning2,80.0,7.5,0.0,71.6142334683441,2.4486888435130694,13.21230935513964\nhorning2,80.0,7.5,0.0,71.6142334683441,2.4486888435130694,13.21230935513964\nhorning2,80.0,7.5,0.0,71.6142334683441,2.4486888435130694,13.21230935513964\nhorning2,80.0,7.5,0.0,71.6142334683441,2.4486888435130694,13.21230935513964\nhorning2,80.0,7.5,0.0,71.6142334683441,2.4486888435130694,13.21230935513964\nhorning2,80.0,7.5,0.0,71.6142334683441,2.4486888435130694,13.21230935513964\nhorning2,80.0,7.5,0.0,71.6142334683441,2.4486888435130694,13.21230935513964\nhorning2,80.0,7.5,0.0,71.6142334683441,2.4486888435130694,13.21230935513964\nhorning2,80.0,7.5,0.0,71.6142334683441,2.4486888435130694,13.21230935513964\nhorning2,80.0,7.5,0.0,71.6142334683441,2.4486888435130694,13.21230935513964\nhorning2,80.0,7.5,0.0,71.6142334683441,2.4486888435130694,13.21230935513964\nhorning2,80.0,7.5,0.0,71.6142334683441,2.4486888435130694,13.21230935513964\nhorning2,80.0,7.5,0.0,71.6142334683441,2.4486888435130694,13.21230935513964\nhorning2,80.0,7.5,0.0,71.6142334683441,2.4486888435130694,13.21230935513964\nhorning2,80.0,7.5,0.0,71.6142334683441,2.4486888435130694,13.21230935513964\nhorning2,80.0,7.5,0.0,71.6142334683441,2.4486888435130694,13.21230935513964\nhorning2,80.0,7.5,0.0,71.6142334683441,2.4486888435130694,13.21230935513964\nhorning2,80.0,7.5,0.0,71.6142334683441,2.4486888435130694,13.21230935513964\nhorning2,80.0,7.5,0.0,71.6142334683441,2.4486888435130694,13.21230935513964\nhorning2,80.0,7.5,0.0,71.6142334683441,2.4486888435130694,13.21230935513964\nhorning2,80.0,7.5,0.0,71.6142334683441,2.4486888435130694,13.21230935513964\nhorning2,80.0,7.5,0.0,71.6142334683441,2.4486888435130694,13.21230935513964\nhorning2,80.0,7.5,0.0,71.6142334683441,2.4486888435130694,13.21230935513964\nhorning2,80.0,7.5,0.0,71.6142334683441,2.4486888435130694,13.21230935513964\nhorning2,80.0,7.5,0.0,71.6142334683441,2.4486888435130694,13.21230935513964\nhorning2,80.0,7.5,0.0,71.6142334683441,2.4486888435130694,13.21230935513964\nhorning2,80.0,7.5,0.0,71.6142334683441,2.4486888435130694,13.21230935513964\nhorning2,80.0,7.5,0.0,71.6142334683441,2.4486888435130694,13.21230935513964\nhorning2,80.0,7.5,0.0,71.6142334683441,2.4486888435130694,13.21230935513964\nhorning2,80.0,7.5,0.0,71.6142334683441,2.4486888435130694,13.21230935513964\nhorning2,37.5,17.0,0.0,71.62102322628361,3.8066168800687805,19.518010472572712\nhorning2,37.5,17.0,0.0,71.62102322628361,3.8066168800687805,19.518010472572712\nhorning2,37.5,17.0,0.0,71.62102322628361,3.8066168800687805,19.518010472572712\nhorning2,37.5,17.0,0.0,71.62102322628361,3.8066168800687805,19.518010472572712\nhorning2,37.5,17.0,0.0,71.62102322628361,3.8066168800687805,19.518010472572712\nhorning2,37.5,17.0,0.0,71.62102322628361,3.8066168800687805,19.518010472572712\nhorning2,37.5,17.0,0.0,71.62102322628361,3.8066168800687805,19.518010472572712\nhorning2,37.5,17.0,0.0,71.62102322628361,3.8066168800687805,19.518010472572712\nhorning2,37.5,17.0,0.0,71.62102322628361,3.8066168800687805,19.518010472572712\nhorning2,37.5,17.0,0.0,71.62102322628361,3.8066168800687805,19.518010472572712\nhorning2,37.5,17.0,0.0,71.62102322628361,3.8066168800687805,19.518010472572712\nhorning2,37.5,17.0,0.0,71.62102322628361,3.8066168800687805,19.518010472572712\nhorning2,37.5,17.0,0.0,71.62102322628361,3.8066168800687805,19.518010472572712\nhorning2,37.5,17.0,0.0,71.62102322628361,3.8066168800687805,19.518010472572712\nhorning2,37.5,17.0,0.0,71.62102322628361,3.8066168800687805,19.518010472572712\nhorning2,37.5,17.0,0.0,71.62102322628361,3.8066168800687805,19.518010472572712\nhorning2,37.5,17.0,0.0,71.62102322628361,3.8066168800687805,19.518010472572712\nhorning2,37.5,17.0,0.0,71.62102322628361,3.8066168800687805,19.518010472572712\nhorning2,37.5,17.0,0.0,71.62102322628361,3.8066168800687805,19.518010472572712\nhorning2,37.5,17.0,0.0,71.62102322628361,3.8066168800687805,19.518010472572712\nhorning2,37.5,17.0,0.0,71.62102322628361,3.8066168800687805,19.518010472572712\nhorning2,37.5,17.0,0.0,71.62102322628361,3.8066168800687805,19.518010472572712\nhorning2,37.5,17.0,0.0,71.62102322628361,3.8066168800687805,19.518010472572712\nhorning2,37.5,17.0,0.0,71.62102322628361,3.8066168800687805,19.518010472572712\nhorning2,37.5,17.0,0.0,71.62102322628361,3.8066168800687805,19.518010472572712\nhorning2,37.5,17.0,0.0,71.62102322628361,3.8066168800687805,19.518010472572712\nhorning2,37.5,17.0,0.0,71.62102322628361,3.8066168800687805,19.518010472572712\nhorning2,37.5,17.0,0.0,71.62102322628361,3.8066168800687805,19.518010472572712\nhorning2,37.5,17.0,0.0,71.62102322628361,3.8066168800687805,19.518010472572712\nhorning2,37.5,17.0,0.0,71.62102322628361,3.8066168800687805,19.518010472572712\nhorning2,37.5,17.0,0.0,71.62102322628361,3.8066168800687805,19.518010472572712\nhorning2,37.5,17.0,0.0,71.62102322628361,3.8066168800687805,19.518010472572712\nhorning2,37.5,17.0,0.0,71.62102322628361,3.8066168800687805,19.518010472572712\nhorning2,37.5,17.0,0.0,71.62102322628361,3.8066168800687805,19.518010472572712\nhorning2,37.5,17.0,0.0,71.62102322628361,3.8066168800687805,19.518010472572712\nhorning2,37.5,17.0,0.0,71.62102322628361,3.8066168800687805,19.518010472572712\nhorning2,37.5,17.0,0.0,71.62102322628361,3.8066168800687805,19.518010472572712\nhorning2,37.5,17.0,0.0,71.62102322628361,3.8066168800687805,19.518010472572712\nhorning2,37.5,17.0,0.0,71.62102322628361,3.8066168800687805,19.518010472572712\nhorning2,37.5,17.0,0.0,71.62102322628361,3.8066168800687805,19.518010472572712\nhorning2,37.5,17.0,0.0,71.62102322628361,3.8066168800687805,19.518010472572712\nhorning2,37.5,17.0,0.0,71.62102322628361,3.8066168800687805,19.518010472572712\nhorning2,37.5,17.0,0.0,71.62102322628361,3.8066168800687805,19.518010472572712\nhorning2,37.5,17.0,0.0,71.62102322628361,3.8066168800687805,19.518010472572712\nhorning2,37.5,17.0,0.0,71.62102322628361,3.8066168800687805,19.518010472572712\nhorning2,37.5,17.0,0.0,71.62102322628361,3.8066168800687805,19.518010472572712\nhorning2,37.5,17.0,0.0,71.62102322628361,3.8066168800687805,19.518010472572712\nhorning2,37.5,17.0,0.0,71.62102322628361,3.8066168800687805,19.518010472572712\nhorning2,37.5,17.0,0.0,71.62102322628361,3.8066168800687805,19.518010472572712\nhorning2,37.5,17.0,0.0,71.62102322628361,3.8066168800687805,19.518010472572712\nhorning2,37.5,17.0,0.0,71.62102322628361,3.8066168800687805,19.518010472572712\nhorning2,37.5,17.0,0.0,71.62102322628361,3.8066168800687805,19.518010472572712\nhorning2,37.5,17.0,0.0,71.62102322628361,3.8066168800687805,19.518010472572712\ntonor1,61.5,10.0,0.0,61.697067323018075,2.8371126143821868,13.070192506682199\ntonor1,61.5,10.0,0.0,61.697067323018075,2.8371126143821868,13.070192506682199\ntonor1,61.5,10.0,0.0,61.697067323018075,2.8371126143821868,13.070192506682199\ntonor1,61.5,10.0,0.0,61.697067323018075,2.8371126143821868,13.070192506682199\ntonor1,61.5,10.0,0.0,61.697067323018075,2.8371126143821868,13.070192506682199\ntonor1,61.5,10.0,0.0,61.697067323018075,2.8371126143821868,13.070192506682199\ntonor1,61.5,10.0,0.0,61.697067323018075,2.8371126143821868,13.070192506682199\ntonor1,61.5,10.0,0.0,61.697067323018075,2.8371126143821868,13.070192506682199\ntonor1,37.5,17.0,0.0,61.703282766546636,4.120676386316635,19.073509179224434\ntonor1,37.5,17.0,0.0,61.703282766546636,4.120676386316635,19.073509179224434\ntonor1,37.5,17.0,0.0,61.703282766546636,4.120676386316635,19.073509179224434\ntonor1,37.5,17.0,0.0,61.703282766546636,4.120676386316635,19.073509179224434\ntonor1,37.5,17.0,0.0,61.703282766546636,4.120676386316635,19.073509179224434\ntonor1,37.5,17.0,0.0,61.703282766546636,4.120676386316635,19.073509179224434\ntonor1,37.5,17.0,0.0,61.703282766546636,4.120676386316635,19.073509179224434\ntonor1,37.5,17.0,0.0,61.703282766546636,4.120676386316635,19.073509179224434\ntonor1,37.5,17.0,0.0,61.703282766546636,4.120676386316635,19.073509179224434\ntonor1,37.5,17.0,0.0,61.703282766546636,4.120676386316635,19.073509179224434\ntonor1,37.5,17.0,0.0,61.703282766546636,4.120676386316635,19.073509179224434\ntonor1,37.5,17.0,0.0,61.703282766546636,4.120676386316635,19.073509179224434\ntonor1,37.5,17.0,0.0,61.703282766546636,4.120676386316635,19.073509179224434\ntonor1,37.5,17.0,0.0,61.703282766546636,4.120676386316635,19.073509179224434\ntonor1,37.5,17.0,0.0,61.703282766546636,4.120676386316635,19.073509179224434\ntonor1,37.5,17.0,0.0,61.703282766546636,4.120676386316635,19.073509179224434\ntonor1,37.5,17.0,0.0,61.703282766546636,4.120676386316635,19.073509179224434\ntonor1,37.5,17.0,0.0,61.703282766546636,4.120676386316635,19.073509179224434\ntonor1,37.5,17.0,0.0,61.703282766546636,4.120676386316635,19.073509179224434\ntonor1,37.5,17.0,0.0,61.703282766546636,4.120676386316635,19.073509179224434\ntonor1,61.5,10.0,0.0,61.703282766546636,4.120676386316635,19.073509179224434\ntonor1,61.5,10.0,0.0,61.703282766546636,4.120676386316635,19.073509179224434\ntonor1,61.5,10.0,0.0,61.703282766546636,4.120676386316635,19.073509179224434\ntonor1,61.5,10.0,0.0,61.703282766546636,4.120676386316635,19.073509179224434\ntonor1,61.5,10.0,0.0,61.703282766546636,4.120676386316635,19.073509179224434\ntonor1,61.5,10.0,0.0,61.703282766546636,4.120676386316635,19.073509179224434\ntonor1,61.5,10.0,0.0,61.703282766546636,4.120676386316635,19.073509179224434\ntonor1,61.5,10.0,0.0,61.703282766546636,4.120676386316635,19.073509179224434\ntonor1,61.5,10.0,0.0,61.703282766546636,4.120676386316635,19.073509179224434\ntonor1,61.5,10.0,0.0,61.703282766546636,4.120676386316635,19.073509179224434\ntonor1,61.5,10.0,0.0,61.703282766546636,4.120676386316635,19.073509179224434\ntonor1,61.5,10.0,0.0,61.703282766546636,4.120676386316635,19.073509179224434\ntonor1,61.5,10.0,0.0,61.703282766546636,4.120676386316635,19.073509179224434\ntonor1,61.5,10.0,0.0,61.703282766546636,4.120676386316635,19.073509179224434\ntonor1,61.5,10.0,0.0,61.703282766546636,4.120676386316635,19.073509179224434\ntonor1,61.5,10.0,0.0,61.703282766546636,4.120676386316635,19.073509179224434\ntonor1,61.5,10.0,0.0,61.703282766546636,4.120676386316635,19.073509179224434\ntonor1,61.5,10.0,0.0,61.703282766546636,4.120676386316635,19.073509179224434\ntonor1,61.5,10.0,0.0,61.703282766546636,4.120676386316635,19.073509179224434\ntonor1,61.5,10.0,0.0,61.703282766546636,4.120676386316635,19.073509179224434\ntonor1,61.5,10.0,0.0,61.703282766546636,4.120676386316635,19.073509179224434\ntonor1,61.5,10.0,0.0,61.703282766546636,4.120676386316635,19.073509179224434\ntonor1,61.5,10.0,0.0,61.703282766546636,4.120676386316635,19.073509179224434\ntonor1,61.5,10.0,0.0,61.703282766546636,4.120676386316635,19.073509179224434\ntonor1,61.5,10.0,0.0,61.703282766546636,4.120676386316635,19.073509179224434\ntonor1,61.5,10.0,0.0,61.703282766546636,4.120676386316635,19.073509179224434\ntonor1,61.5,10.0,0.0,61.703282766546636,4.120676386316635,19.073509179224434\ntonor1,61.5,10.0,0.0,61.703282766546636,4.120676386316635,19.073509179224434\ntonor1,61.5,10.0,0.0,61.703282766546636,4.120676386316635,19.073509179224434\ntonor1,61.5,10.0,0.0,61.703282766546636,4.120676386316635,19.073509179224434\ntonor1,61.5,10.0,0.0,71.6142334683441,2.4486888435130694,13.21230935513964\ntonor1,61.5,10.0,0.0,71.6142334683441,2.4486888435130694,13.21230935513964\ntonor1,61.5,10.0,0.0,71.6142334683441,2.4486888435130694,13.21230935513964\ntonor1,61.5,10.0,0.0,71.6142334683441,2.4486888435130694,13.21230935513964\ntonor1,61.5,10.0,0.0,71.6142334683441,2.4486888435130694,13.21230935513964\ntonor1,61.5,10.0,0.0,71.6142334683441,2.4486888435130694,13.21230935513964\ntonor1,61.5,10.0,0.0,71.6142334683441,2.4486888435130694,13.21230935513964\ntonor1,61.5,10.0,0.0,71.6142334683441,2.4486888435130694,13.21230935513964\ntonor1,61.5,10.0,0.0,71.6142334683441,2.4486888435130694,13.21230935513964\ntonor1,61.5,10.0,0.0,71.6142334683441,2.4486888435130694,13.21230935513964\ntonor1,61.5,10.0,0.0,71.6142334683441,2.4486888435130694,13.21230935513964\ntonor1,61.5,10.0,0.0,71.6142334683441,2.4486888435130694,13.21230935513964\ntonor1,61.5,10.0,0.0,71.6142334683441,2.4486888435130694,13.21230935513964\ntonor1,61.5,10.0,0.0,71.6142334683441,2.4486888435130694,13.21230935513964\ntonor1,61.5,10.0,0.0,71.6142334683441,2.4486888435130694,13.21230935513964\ntonor1,61.5,10.0,0.0,71.6142334683441,2.4486888435130694,13.21230935513964\ntonor1,61.5,10.0,0.0,71.6142334683441,2.4486888435130694,13.21230935513964\ntonor1,61.5,10.0,0.0,71.6142334683441,2.4486888435130694,13.21230935513964\ntonor1,61.5,10.0,0.0,71.6142334683441,2.4486888435130694,13.21230935513964\ntonor1,61.5,10.0,0.0,71.6142334683441,2.4486888435130694,13.21230935513964\ntonor1,61.5,10.0,0.0,71.6142334683441,2.4486888435130694,13.21230935513964\ntonor1,61.5,10.0,0.0,71.6142334683441,2.4486888435130694,13.21230935513964\ntonor1,61.5,10.0,0.0,71.6142334683441,2.4486888435130694,13.21230935513964\ntonor1,61.5,10.0,0.0,71.6142334683441,2.4486888435130694,13.21230935513964\ntonor1,61.5,10.0,0.0,71.6142334683441,2.4486888435130694,13.21230935513964\ntonor1,61.5,10.0,0.0,71.6142334683441,2.4486888435130694,13.21230935513964\ntonor1,61.5,10.0,0.0,71.6142334683441,2.4486888435130694,13.21230935513964\ntonor1,61.5,10.0,0.0,71.6142334683441,2.4486888435130694,13.21230935513964\ntonor1,61.5,10.0,0.0,71.6142334683441,2.4486888435130694,13.21230935513964\ntonor1,61.5,10.0,0.0,71.6142334683441,2.4486888435130694,13.21230935513964\ntonor1,61.5,10.0,0.0,71.6142334683441,2.4486888435130694,13.21230935513964\ntonor1,61.5,10.0,0.0,71.6142334683441,2.4486888435130694,13.21230935513964\ntonor1,61.5,10.0,0.0,71.6142334683441,2.4486888435130694,13.21230935513964\ntonor1,61.5,10.0,0.0,71.6142334683441,2.4486888435130694,13.21230935513964\ntonor1,61.5,10.0,0.0,71.6142334683441,2.4486888435130694,13.21230935513964\ntonor1,61.5,10.0,0.0,71.6142334683441,2.4486888435130694,13.21230935513964\ntonor1,61.5,10.0,0.0,71.6142334683441,2.4486888435130694,13.21230935513964\ntonor1,61.5,10.0,0.0,71.6142334683441,2.4486888435130694,13.21230935513964\ntonor1,61.5,10.0,0.0,71.6142334683441,2.4486888435130694,13.21230935513964\ntonor1,61.5,10.0,0.0,71.6142334683441,2.4486888435130694,13.21230935513964\ntonor1,61.5,10.0,0.0,71.6142334683441,2.4486888435130694,13.21230935513964\ntonor1,61.5,10.0,0.0,71.6142334683441,2.4486888435130694,13.21230935513964\ntonor1,61.5,10.0,0.0,71.6142334683441,2.4486888435130694,13.21230935513964\ntonor1,61.5,10.0,0.0,71.6142334683441,2.4486888435130694,13.21230935513964\ntonor1,61.5,10.0,0.0,71.6142334683441,2.4486888435130694,13.21230935513964\ntonor1,61.5,10.0,0.0,71.6142334683441,2.4486888435130694,13.21230935513964\ntonor1,61.5,10.0,0.0,71.6142334683441,2.4486888435130694,13.21230935513964\ntonor1,61.5,10.0,0.0,71.6142334683441,2.4486888435130694,13.21230935513964\ntonor1,61.5,10.0,0.0,71.6142334683441,2.4486888435130694,13.21230935513964\ntonor1,61.5,10.0,0.0,71.6142334683441,2.4486888435130694,13.21230935513964\ntonor1,61.5,10.0,0.0,71.6142334683441,2.4486888435130694,13.21230935513964\ntonor1,25.0,13.5,48.0,81.36696398209004,2.0115956816622593,13.471784390084562\ntonor1,25.0,13.5,48.0,81.36696398209004,2.0115956816622593,13.471784390084562\ntonor1,25.0,13.5,48.0,81.36696398209004,2.0115956816622593,13.471784390084562\ntonor1,25.0,13.5,48.0,81.36696398209004,2.0115956816622593,13.471784390084562\ntonor1,25.0,13.5,48.0,81.36696398209004,2.0115956816622593,13.471784390084562\ntonor1,25.0,13.5,48.0,81.36696398209004,2.0115956816622593,13.471784390084562\ntonor1,25.0,13.5,48.0,81.36696398209004,2.0115956816622593,13.471784390084562\ntonor1,25.0,13.5,48.0,81.36696398209004,2.0115956816622593,13.471784390084562\ntonor1,25.0,13.5,48.0,81.36696398209004,2.0115956816622593,13.471784390084562\ntonor1,25.0,13.5,48.0,81.36696398209004,2.0115956816622593,13.471784390084562\ntonor1,25.0,13.5,48.0,81.36696398209004,2.0115956816622593,13.471784390084562\ntonor1,25.0,13.5,48.0,81.36696398209004,2.0115956816622593,13.471784390084562\ntonor1,25.0,13.5,48.0,81.36696398209004,2.0115956816622593,13.471784390084562\ntonor1,25.0,13.5,48.0,81.36696398209004,2.0115956816622593,13.471784390084562\ntonor1,25.0,13.5,48.0,81.36696398209004,2.0115956816622593,13.471784390084562\ntonor1,25.0,13.5,48.0,81.36696398209004,2.0115956816622593,13.471784390084562\ntonor1,25.0,13.5,48.0,81.36696398209004,2.0115956816622593,13.471784390084562\ntonor1,25.0,13.5,48.0,81.36696398209004,2.0115956816622593,13.471784390084562\ntonor1,25.0,13.5,48.0,81.36696398209004,2.0115956816622593,13.471784390084562\ntonor1,25.0,13.5,48.0,81.36696398209004,2.0115956816622593,13.471784390084562\ntonor1,25.0,13.5,48.0,81.36696398209004,2.0115956816622593,13.471784390084562\ntonor1,25.0,13.5,48.0,81.36696398209004,2.0115956816622593,13.471784390084562\ntonor1,25.0,13.5,48.0,81.36696398209004,2.0115956816622593,13.471784390084562\ntonor1,25.0,13.5,48.0,81.36696398209004,2.0115956816622593,13.471784390084562\ntonor1,25.0,13.5,48.0,81.36696398209004,2.0115956816622593,13.471784390084562\ntonor1,25.0,13.5,48.0,81.36696398209004,2.0115956816622593,13.471784390084562\ntonor1,25.0,13.5,48.0,81.36696398209004,2.0115956816622593,13.471784390084562\ntonor1,25.0,13.5,48.0,81.36696398209004,2.0115956816622593,13.471784390084562\ntonor1,25.0,13.5,48.0,81.36696398209004,2.0115956816622593,13.471784390084562\ntonor1,25.0,13.5,48.0,81.36696398209004,2.0115956816622593,13.471784390084562\ntonor1,25.0,13.5,48.0,81.36696398209004,2.0115956816622593,13.471784390084562\ntonor1,25.0,13.5,48.0,81.36696398209004,2.0115956816622593,13.471784390084562\ntonor1,25.0,13.5,48.0,81.36696398209004,2.0115956816622593,13.471784390084562\ntonor1,25.0,13.5,48.0,81.36696398209004,2.0115956816622593,13.471784390084562\ntonor1,25.0,13.5,48.0,81.36696398209004,2.0115956816622593,13.471784390084562\ntonor1,25.0,13.5,48.0,81.36696398209004,2.0115956816622593,13.471784390084562\ntonor1,25.0,13.5,48.0,81.36696398209004,2.0115956816622593,13.471784390084562\ntonor1,25.0,13.5,48.0,81.36696398209004,2.0115956816622593,13.471784390084562\ntonor1,25.0,13.5,48.0,81.36696398209004,2.0115956816622593,13.471784390084562\ntonor1,25.0,13.5,48.0,81.36696398209004,2.0115956816622593,13.471784390084562\ntonor1,25.0,13.5,48.0,81.36696398209004,2.0115956816622593,13.471784390084562\ntonor1,25.0,13.5,48.0,81.36696398209004,2.0115956816622593,13.471784390084562\ntonor1,25.0,13.5,48.0,81.36696398209004,2.0115956816622593,13.471784390084562\ntonor1,,,,,,\ntonor1,,,,,,\ntonor1,,,,,,\ntonor1,,,,,,\ntonor1,,,,,,\ntonor1,,,,,,\ntonor1,,,,,,\ntonor1,,,,,,\ntonor1,,,,,,\ntonor1,,,,,,\ntonor1,,,,,,\ntonor1,,,,,,\ntonor1,,,,,,\ntonor1,,,,,,\ntonor1,,,,,,\ntonor1,,,,,,\ntonor1,,,,,,\ntonor1,,,,,,\ntonor1,,,,,,\ntonor1,,,,,,\ntonor1,,,,,,\ntonor1,,,,,,\ntonor1,,,,,,\ntonor1,,,,,,\ntonor1,,,,,,\ntonor1,,,,,,\ntonor1,,,,,,\ntonor1,,,,,,\ntonor1,,,,,,\ntonor1,,,,,,\ntonor1,,,,,,\ntonor1,,,,,,\ntonor1,,,,,,\ntonor1,,,,,,\ntonor1,,,,,,\ntonor1,,,,,,\ntonor1,,,,,,\ntonor1,,,,,,\ntonor1,,,,,,\ntonor1,,,,,,\ntonor1,,,,,,\ntonor1,,,,,,\ntonor1,,,,,,\ntonor1,,,,,,\ntonor1,,,,,,\ntonor1,,,,,,\ntonor1,,,,,,\ntonor1,,,,,,\ntonor2,25.0,13.5,0.0,61.697067323018075,2.8371126143821868,13.070192506682199\ntonor2,25.0,13.5,0.0,61.697067323018075,2.8371126143821868,13.070192506682199\ntonor2,25.0,13.5,0.0,61.697067323018075,2.8371126143821868,13.070192506682199\ntonor2,25.0,13.5,0.0,61.697067323018075,2.8371126143821868,13.070192506682199\ntonor2,25.0,13.5,0.0,61.697067323018075,2.8371126143821868,13.070192506682199\ntonor2,25.0,13.5,0.0,61.697067323018075,2.8371126143821868,13.070192506682199\ntonor2,25.0,13.5,0.0,61.697067323018075,2.8371126143821868,13.070192506682199\ntonor2,25.0,13.5,0.0,61.697067323018075,2.8371126143821868,13.070192506682199\ntonor2,37.5,17.0,0.0,61.703282766546636,4.120676386316635,19.073509179224434\ntonor2,37.5,17.0,0.0,61.703282766546636,4.120676386316635,19.073509179224434\ntonor2,37.5,17.0,0.0,61.703282766546636,4.120676386316635,19.073509179224434\ntonor2,37.5,17.0,0.0,61.703282766546636,4.120676386316635,19.073509179224434\ntonor2,37.5,17.0,0.0,61.703282766546636,4.120676386316635,19.073509179224434\ntonor2,37.5,17.0,0.0,61.703282766546636,4.120676386316635,19.073509179224434\ntonor2,37.5,17.0,0.0,61.703282766546636,4.120676386316635,19.073509179224434\ntonor2,37.5,17.0,0.0,61.703282766546636,4.120676386316635,19.073509179224434\ntonor2,37.5,17.0,0.0,61.703282766546636,4.120676386316635,19.073509179224434\ntonor2,37.5,17.0,0.0,61.703282766546636,4.120676386316635,19.073509179224434\ntonor2,37.5,17.0,0.0,61.703282766546636,4.120676386316635,19.073509179224434\ntonor2,37.5,17.0,0.0,61.703282766546636,4.120676386316635,19.073509179224434\ntonor2,37.5,17.0,0.0,61.703282766546636,4.120676386316635,19.073509179224434\ntonor2,37.5,17.0,0.0,61.703282766546636,4.120676386316635,19.073509179224434\ntonor2,37.5,17.0,0.0,61.703282766546636,4.120676386316635,19.073509179224434\ntonor2,37.5,17.0,0.0,61.703282766546636,4.120676386316635,19.073509179224434\ntonor2,37.5,17.0,0.0,61.703282766546636,4.120676386316635,19.073509179224434\ntonor2,37.5,17.0,0.0,61.703282766546636,4.120676386316635,19.073509179224434\ntonor2,37.5,17.0,0.0,61.703282766546636,4.120676386316635,19.073509179224434\ntonor2,37.5,17.0,0.0,61.703282766546636,4.120676386316635,19.073509179224434\ntonor2,61.5,10.0,0.0,61.703282766546636,4.120676386316635,19.073509179224434\ntonor2,61.5,10.0,0.0,61.703282766546636,4.120676386316635,19.073509179224434\ntonor2,61.5,10.0,0.0,61.703282766546636,4.120676386316635,19.073509179224434\ntonor2,61.5,10.0,0.0,61.703282766546636,4.120676386316635,19.073509179224434\ntonor2,61.5,10.0,0.0,61.703282766546636,4.120676386316635,19.073509179224434\ntonor2,61.5,10.0,0.0,61.703282766546636,4.120676386316635,19.073509179224434\ntonor2,61.5,10.0,0.0,61.703282766546636,4.120676386316635,19.073509179224434\ntonor2,61.5,10.0,0.0,61.703282766546636,4.120676386316635,19.073509179224434\ntonor2,61.5,10.0,0.0,61.703282766546636,4.120676386316635,19.073509179224434\ntonor2,61.5,10.0,0.0,61.703282766546636,4.120676386316635,19.073509179224434\ntonor2,61.5,10.0,0.0,61.703282766546636,4.120676386316635,19.073509179224434\ntonor2,61.5,10.0,0.0,61.703282766546636,4.120676386316635,19.073509179224434\ntonor2,61.5,10.0,0.0,61.703282766546636,4.120676386316635,19.073509179224434\ntonor2,61.5,10.0,0.0,61.703282766546636,4.120676386316635,19.073509179224434\ntonor2,61.5,10.0,0.0,61.703282766546636,4.120676386316635,19.073509179224434\ntonor2,61.5,10.0,0.0,61.703282766546636,4.120676386316635,19.073509179224434\ntonor2,61.5,10.0,0.0,61.703282766546636,4.120676386316635,19.073509179224434\ntonor2,61.5,10.0,0.0,61.703282766546636,4.120676386316635,19.073509179224434\ntonor2,61.5,10.0,0.0,61.703282766546636,4.120676386316635,19.073509179224434\ntonor2,61.5,10.0,0.0,61.703282766546636,4.120676386316635,19.073509179224434\ntonor2,61.5,10.0,0.0,61.703282766546636,4.120676386316635,19.073509179224434\ntonor2,61.5,10.0,0.0,61.703282766546636,4.120676386316635,19.073509179224434\ntonor2,61.5,10.0,0.0,61.703282766546636,4.120676386316635,19.073509179224434\ntonor2,61.5,10.0,0.0,61.703282766546636,4.120676386316635,19.073509179224434\ntonor2,61.5,10.0,0.0,61.703282766546636,4.120676386316635,19.073509179224434\ntonor2,61.5,10.0,0.0,61.703282766546636,4.120676386316635,19.073509179224434\ntonor2,61.5,10.0,0.0,61.703282766546636,4.120676386316635,19.073509179224434\ntonor2,61.5,10.0,0.0,61.703282766546636,4.120676386316635,19.073509179224434\ntonor2,61.5,10.0,0.0,61.703282766546636,4.120676386316635,19.073509179224434\ntonor2,61.5,10.0,0.0,61.703282766546636,4.120676386316635,19.073509179224434\ntonor2,61.5,10.0,0.0,71.6142334683441,2.4486888435130694,13.21230935513964\ntonor2,61.5,10.0,0.0,71.6142334683441,2.4486888435130694,13.21230935513964\ntonor2,61.5,10.0,0.0,71.6142334683441,2.4486888435130694,13.21230935513964\ntonor2,61.5,10.0,0.0,71.6142334683441,2.4486888435130694,13.21230935513964\ntonor2,61.5,10.0,0.0,71.6142334683441,2.4486888435130694,13.21230935513964\ntonor2,61.5,10.0,0.0,71.6142334683441,2.4486888435130694,13.21230935513964\ntonor2,61.5,10.0,0.0,71.6142334683441,2.4486888435130694,13.21230935513964\ntonor2,61.5,10.0,0.0,71.6142334683441,2.4486888435130694,13.21230935513964\ntonor2,61.5,10.0,0.0,71.6142334683441,2.4486888435130694,13.21230935513964\ntonor2,61.5,10.0,0.0,71.6142334683441,2.4486888435130694,13.21230935513964\ntonor2,61.5,10.0,0.0,71.6142334683441,2.4486888435130694,13.21230935513964\ntonor2,61.5,10.0,0.0,71.6142334683441,2.4486888435130694,13.21230935513964\ntonor2,61.5,10.0,0.0,71.6142334683441,2.4486888435130694,13.21230935513964\ntonor2,61.5,10.0,0.0,71.6142334683441,2.4486888435130694,13.21230935513964\ntonor2,61.5,10.0,0.0,71.6142334683441,2.4486888435130694,13.21230935513964\ntonor2,61.5,10.0,0.0,71.6142334683441,2.4486888435130694,13.21230935513964\ntonor2,61.5,10.0,0.0,71.6142334683441,2.4486888435130694,13.21230935513964\ntonor2,61.5,10.0,0.0,71.6142334683441,2.4486888435130694,13.21230935513964\ntonor2,61.5,10.0,0.0,71.6142334683441,2.4486888435130694,13.21230935513964\ntonor2,61.5,10.0,0.0,71.6142334683441,2.4486888435130694,13.21230935513964\ntonor2,61.5,10.0,0.0,71.6142334683441,2.4486888435130694,13.21230935513964\ntonor2,61.5,10.0,0.0,71.6142334683441,2.4486888435130694,13.21230935513964\ntonor2,61.5,10.0,0.0,71.6142334683441,2.4486888435130694,13.21230935513964\ntonor2,61.5,10.0,0.0,71.6142334683441,2.4486888435130694,13.21230935513964\ntonor2,61.5,10.0,0.0,71.6142334683441,2.4486888435130694,13.21230935513964\ntonor2,61.5,10.0,0.0,71.6142334683441,2.4486888435130694,13.21230935513964\ntonor2,61.5,10.0,0.0,71.6142334683441,2.4486888435130694,13.21230935513964\ntonor2,61.5,10.0,0.0,71.6142334683441,2.4486888435130694,13.21230935513964\ntonor2,61.5,10.0,0.0,71.6142334683441,2.4486888435130694,13.21230935513964\ntonor2,61.5,10.0,0.0,71.6142334683441,2.4486888435130694,13.21230935513964\ntonor2,61.5,10.0,0.0,71.6142334683441,2.4486888435130694,13.21230935513964\ntonor2,61.5,10.0,0.0,71.6142334683441,2.4486888435130694,13.21230935513964\ntonor2,61.5,10.0,0.0,71.6142334683441,2.4486888435130694,13.21230935513964\ntonor2,61.5,10.0,0.0,71.6142334683441,2.4486888435130694,13.21230935513964\ntonor2,61.5,10.0,0.0,71.6142334683441,2.4486888435130694,13.21230935513964\ntonor2,61.5,10.0,0.0,71.6142334683441,2.4486888435130694,13.21230935513964\ntonor2,61.5,10.0,0.0,71.6142334683441,2.4486888435130694,13.21230935513964\ntonor2,61.5,10.0,0.0,71.6142334683441,2.4486888435130694,13.21230935513964\ntonor2,61.5,10.0,0.0,71.6142334683441,2.4486888435130694,13.21230935513964\ntonor2,61.5,10.0,0.0,71.6142334683441,2.4486888435130694,13.21230935513964\ntonor2,61.5,10.0,0.0,71.6142334683441,2.4486888435130694,13.21230935513964\ntonor2,61.5,10.0,0.0,71.6142334683441,2.4486888435130694,13.21230935513964\ntonor2,61.5,10.0,0.0,71.6142334683441,2.4486888435130694,13.21230935513964\ntonor2,61.5,10.0,0.0,71.6142334683441,2.4486888435130694,13.21230935513964\ntonor2,61.5,10.0,0.0,71.6142334683441,2.4486888435130694,13.21230935513964\ntonor2,61.5,10.0,0.0,71.6142334683441,2.4486888435130694,13.21230935513964\ntonor2,61.5,10.0,0.0,71.6142334683441,2.4486888435130694,13.21230935513964\ntonor2,61.5,10.0,0.0,71.6142334683441,2.4486888435130694,13.21230935513964\ntonor2,61.5,10.0,0.0,71.6142334683441,2.4486888435130694,13.21230935513964\ntonor2,61.5,10.0,0.0,71.6142334683441,2.4486888435130694,13.21230935513964\ntonor2,61.5,10.0,0.0,71.6142334683441,2.4486888435130694,13.21230935513964\ntonor2,25.0,13.5,48.0,81.36696398209004,2.0115956816622593,13.471784390084562\ntonor2,25.0,13.5,48.0,81.36696398209004,2.0115956816622593,13.471784390084562\ntonor2,25.0,13.5,48.0,81.36696398209004,2.0115956816622593,13.471784390084562\ntonor2,25.0,13.5,48.0,81.36696398209004,2.0115956816622593,13.471784390084562\ntonor2,25.0,13.5,48.0,81.36696398209004,2.0115956816622593,13.471784390084562\ntonor2,25.0,13.5,48.0,81.36696398209004,2.0115956816622593,13.471784390084562\ntonor2,25.0,13.5,48.0,81.36696398209004,2.0115956816622593,13.471784390084562\ntonor2,25.0,13.5,48.0,81.36696398209004,2.0115956816622593,13.471784390084562\ntonor2,25.0,13.5,48.0,81.36696398209004,2.0115956816622593,13.471784390084562\ntonor2,25.0,13.5,48.0,81.36696398209004,2.0115956816622593,13.471784390084562\ntonor2,25.0,13.5,48.0,81.36696398209004,2.0115956816622593,13.471784390084562\ntonor2,25.0,13.5,48.0,81.36696398209004,2.0115956816622593,13.471784390084562\ntonor2,25.0,13.5,48.0,81.36696398209004,2.0115956816622593,13.471784390084562\ntonor2,25.0,13.5,48.0,81.36696398209004,2.0115956816622593,13.471784390084562\ntonor2,25.0,13.5,48.0,81.36696398209004,2.0115956816622593,13.471784390084562\ntonor2,25.0,13.5,48.0,81.36696398209004,2.0115956816622593,13.471784390084562\ntonor2,25.0,13.5,48.0,81.36696398209004,2.0115956816622593,13.471784390084562\ntonor2,25.0,13.5,48.0,81.36696398209004,2.0115956816622593,13.471784390084562\ntonor2,25.0,13.5,48.0,81.36696398209004,2.0115956816622593,13.471784390084562\ntonor2,25.0,13.5,48.0,81.36696398209004,2.0115956816622593,13.471784390084562\ntonor2,25.0,13.5,48.0,81.36696398209004,2.0115956816622593,13.471784390084562\ntonor2,25.0,13.5,48.0,81.36696398209004,2.0115956816622593,13.471784390084562\ntonor2,25.0,13.5,48.0,81.36696398209004,2.0115956816622593,13.471784390084562\ntonor2,25.0,13.5,48.0,81.36696398209004,2.0115956816622593,13.471784390084562\ntonor2,25.0,13.5,48.0,81.36696398209004,2.0115956816622593,13.471784390084562\ntonor2,25.0,13.5,48.0,81.36696398209004,2.0115956816622593,13.471784390084562\ntonor2,25.0,13.5,48.0,81.36696398209004,2.0115956816622593,13.471784390084562\ntonor2,25.0,13.5,48.0,81.36696398209004,2.0115956816622593,13.471784390084562\ntonor2,25.0,13.5,48.0,81.36696398209004,2.0115956816622593,13.471784390084562\ntonor2,25.0,13.5,48.0,81.36696398209004,2.0115956816622593,13.471784390084562\ntonor2,25.0,13.5,48.0,81.36696398209004,2.0115956816622593,13.471784390084562\ntonor2,25.0,13.5,48.0,81.36696398209004,2.0115956816622593,13.471784390084562\ntonor2,25.0,13.5,48.0,81.36696398209004,2.0115956816622593,13.471784390084562\ntonor2,25.0,13.5,48.0,81.36696398209004,2.0115956816622593,13.471784390084562\ntonor2,25.0,13.5,48.0,81.36696398209004,2.0115956816622593,13.471784390084562\ntonor2,25.0,13.5,48.0,81.36696398209004,2.0115956816622593,13.471784390084562\ntonor2,25.0,13.5,48.0,81.36696398209004,2.0115956816622593,13.471784390084562\ntonor2,25.0,13.5,48.0,81.36696398209004,2.0115956816622593,13.471784390084562\ntonor2,25.0,13.5,48.0,81.36696398209004,2.0115956816622593,13.471784390084562\ntonor2,25.0,13.5,48.0,81.36696398209004,2.0115956816622593,13.471784390084562\ntonor2,25.0,13.5,48.0,81.36696398209004,2.0115956816622593,13.471784390084562\ntonor2,25.0,13.5,48.0,81.36696398209004,2.0115956816622593,13.471784390084562\ntonor2,25.0,13.5,48.0,81.36696398209004,2.0115956816622593,13.471784390084562\ntonor2,,,,,,\ntonor2,,,,,,\ntonor2,,,,,,\ntonor2,,,,,,\ntonor2,,,,,,\ntonor2,,,,,,\ntonor2,,,,,,\ntonor2,,,,,,\ntonor2,,,,,,\ntonor2,,,,,,\ntonor2,,,,,,\ntonor2,,,,,,\ntonor2,,,,,,\ntonor2,,,,,,\ntonor2,,,,,,\ntonor2,,,,,,\ntonor2,,,,,,\ntonor2,,,,,,\ntonor2,,,,,,\ntonor2,,,,,,\ntonor2,,,,,,\ntonor2,,,,,,\ntonor2,,,,,,\ntonor2,,,,,,\ntonor2,,,,,,\ntonor2,,,,,,\ntonor2,,,,,,\ntonor2,,,,,,\ntonor2,,,,,,\ntonor2,,,,,,\ntonor2,,,,,,\ntonor2,,,,,,\ntonor2,,,,,,\ntonor2,,,,,,\ntonor2,,,,,,\ntonor2,,,,,,\ntonor2,,,,,,\ntonor2,,,,,,\ntonor2,,,,,,\ntonor2,,,,,,\ntonor2,,,,,,\ntonor2,,,,,,\ntonor2,,,,,,\ntonor2,,,,,,\ntonor2,,,,,,\ntonor2,,,,,,\ntonor2,,,,,,\ntonor2,,,,,,\nmorehouse,80.0,7.5,0.0,51.59117331351966,3.180150055665021,12.67936275693029\nmorehouse,80.0,7.5,0.0,51.59117331351966,3.180150055665021,12.67936275693029\nmorehouse,80.0,7.5,0.0,51.59117331351966,3.180150055665021,12.67936275693029\nmorehouse,80.0,7.5,0.0,51.59117331351966,3.180150055665021,12.67936275693029\nmorehouse,80.0,7.5,0.0,51.59117331351966,3.180150055665021,12.67936275693029\nmorehouse,80.0,7.5,0.0,51.59117331351966,3.180150055665021,12.67936275693029\nmorehouse,80.0,7.5,0.0,51.59117331351966,3.180150055665021,12.67936275693029\nmorehouse,80.0,7.5,0.0,51.59117331351966,3.180150055665021,12.67936275693029\nmorehouse,80.0,7.5,0.0,51.59117331351966,3.180150055665021,12.67936275693029\nmorehouse,80.0,7.5,0.0,51.59117331351966,3.180150055665021,12.67936275693029\nmorehouse,80.0,7.5,0.0,51.59117331351966,3.180150055665021,12.67936275693029\nmorehouse,80.0,7.5,0.0,51.59117331351966,3.180150055665021,12.67936275693029\nmorehouse,80.0,7.5,0.0,51.59117331351966,3.180150055665021,12.67936275693029\nmorehouse,80.0,7.5,0.0,51.59117331351966,3.180150055665021,12.67936275693029\nmorehouse,80.0,7.5,0.0,51.59117331351966,3.180150055665021,12.67936275693029\nmorehouse,80.0,7.5,0.0,51.59117331351966,3.180150055665021,12.67936275693029\nmorehouse,80.0,7.5,0.0,51.59117331351966,3.180150055665021,12.67936275693029\nmorehouse,80.0,7.5,0.0,51.59117331351966,3.180150055665021,12.67936275693029\nmorehouse,80.0,7.5,0.0,51.59117331351966,3.180150055665021,12.67936275693029\nmorehouse,80.0,7.5,0.0,51.59117331351966,3.180150055665021,12.67936275693029\nmorehouse,80.0,7.5,0.0,51.59117331351966,3.180150055665021,12.67936275693029\nmorehouse,80.0,7.5,0.0,51.59117331351966,3.180150055665021,12.67936275693029\nmorehouse,80.0,7.5,0.0,51.59117331351966,3.180150055665021,12.67936275693029\nmorehouse,80.0,7.5,0.0,51.59117331351966,3.180150055665021,12.67936275693029\nmorehouse,80.0,7.5,0.0,51.59117331351966,3.180150055665021,12.67936275693029\nmorehouse,80.0,7.5,0.0,51.59117331351966,3.180150055665021,12.67936275693029\nmorehouse,80.0,7.5,0.0,51.59117331351966,3.180150055665021,12.67936275693029\nmorehouse,80.0,7.5,0.0,51.59117331351966,3.180150055665021,12.67936275693029\nmorehouse,80.0,7.5,0.0,51.59117331351966,3.180150055665021,12.67936275693029\nmorehouse,80.0,7.5,0.0,51.59117331351966,3.180150055665021,12.67936275693029\nmorehouse,80.0,7.5,0.0,51.59117331351966,3.180150055665021,12.67936275693029\nmorehouse,80.0,7.5,0.0,51.59117331351966,3.180150055665021,12.67936275693029\nmorehouse,80.0,7.5,0.0,51.59117331351966,3.180150055665021,12.67936275693029\nmorehouse,80.0,7.5,0.0,51.59117331351966,3.180150055665021,12.67936275693029\nmorehouse,80.0,7.5,0.0,51.59117331351966,3.180150055665021,12.67936275693029\nmorehouse,80.0,7.5,0.0,51.59117331351966,3.180150055665021,12.67936275693029\nmorehouse,80.0,7.5,0.0,51.59117331351966,3.180150055665021,12.67936275693029\nmorehouse,80.0,7.5,0.0,51.59117331351966,3.180150055665021,12.67936275693029\nmorehouse,80.0,7.5,0.0,51.59117331351966,3.180150055665021,12.67936275693029\nmorehouse,80.0,7.5,0.0,51.59117331351966,3.180150055665021,12.67936275693029\nmorehouse,80.0,7.5,0.0,51.59117331351966,3.180150055665021,12.67936275693029\nmorehouse,80.0,7.5,0.0,51.59117331351966,3.180150055665021,12.67936275693029\nmorehouse,80.0,7.5,0.0,51.59117331351966,3.180150055665021,12.67936275693029\nmorehouse,80.0,7.5,0.0,51.59117331351966,3.180150055665021,12.67936275693029\nmorehouse,80.0,7.5,0.0,51.59117331351966,3.180150055665021,12.67936275693029\nmorehouse,80.0,7.5,0.0,51.59117331351966,3.180150055665021,12.67936275693029\nmorehouse,80.0,7.5,0.0,51.59117331351966,3.180150055665021,12.67936275693029\nmorehouse,80.0,7.5,0.0,51.59117331351966,3.180150055665021,12.67936275693029\nmorehouse,80.0,7.5,0.0,51.59117331351966,3.180150055665021,12.67936275693029\nmorehouse,80.0,7.5,0.0,51.59117331351966,3.180150055665021,12.67936275693029\nmorehouse,80.0,7.5,0.0,51.59117331351966,3.180150055665021,12.67936275693029\nmorehouse,80.0,7.5,0.0,51.59117331351966,3.180150055665021,12.67936275693029\nmorehouse,80.0,7.5,0.0,51.59117331351966,3.180150055665021,12.67936275693029\nmorehouse,80.0,7.5,0.0,51.59117331351966,3.180150055665021,12.67936275693029\nmorehouse,80.0,7.5,0.0,51.59117331351966,3.180150055665021,12.67936275693029\nmorehouse,80.0,7.5,0.0,51.59117331351966,3.180150055665021,12.67936275693029\nmorehouse,80.0,7.5,0.0,61.697067323018075,2.8371126143821868,13.070192506682199\nmorehouse,80.0,7.5,0.0,61.697067323018075,2.8371126143821868,13.070192506682199\nmorehouse,80.0,7.5,0.0,61.697067323018075,2.8371126143821868,13.070192506682199\nmorehouse,80.0,7.5,0.0,61.697067323018075,2.8371126143821868,13.070192506682199\nmorehouse,80.0,7.5,0.0,61.697067323018075,2.8371126143821868,13.070192506682199\nmorehouse,80.0,7.5,0.0,61.697067323018075,2.8371126143821868,13.070192506682199\nmorehouse,80.0,7.5,0.0,61.697067323018075,2.8371126143821868,13.070192506682199\nmorehouse,80.0,7.5,0.0,61.697067323018075,2.8371126143821868,13.070192506682199\nmorehouse,80.0,7.5,0.0,61.697067323018075,2.8371126143821868,13.070192506682199\nmorehouse,80.0,7.5,0.0,61.697067323018075,2.8371126143821868,13.070192506682199\nmorehouse,80.0,7.5,0.0,61.697067323018075,2.8371126143821868,13.070192506682199\nmorehouse,80.0,7.5,0.0,61.697067323018075,2.8371126143821868,13.070192506682199\nmorehouse,80.0,7.5,0.0,61.697067323018075,2.8371126143821868,13.070192506682199\nmorehouse,80.0,7.5,0.0,61.697067323018075,2.8371126143821868,13.070192506682199\nmorehouse,80.0,7.5,0.0,61.697067323018075,2.8371126143821868,13.070192506682199\nmorehouse,80.0,7.5,0.0,61.697067323018075,2.8371126143821868,13.070192506682199\nmorehouse,80.0,7.5,0.0,61.697067323018075,2.8371126143821868,13.070192506682199\nmorehouse,80.0,7.5,0.0,61.697067323018075,2.8371126143821868,13.070192506682199\nmorehouse,80.0,7.5,0.0,61.697067323018075,2.8371126143821868,13.070192506682199\nmorehouse,80.0,7.5,0.0,61.697067323018075,2.8371126143821868,13.070192506682199\nmorehouse,80.0,7.5,0.0,61.697067323018075,2.8371126143821868,13.070192506682199\nmorehouse,80.0,7.5,0.0,61.697067323018075,2.8371126143821868,13.070192506682199\nmorehouse,80.0,7.5,0.0,61.697067323018075,2.8371126143821868,13.070192506682199\nmorehouse,80.0,7.5,0.0,61.697067323018075,2.8371126143821868,13.070192506682199\nmorehouse,80.0,7.5,0.0,61.697067323018075,2.8371126143821868,13.070192506682199\nmorehouse,80.0,7.5,0.0,61.697067323018075,2.8371126143821868,13.070192506682199\nmorehouse,80.0,7.5,0.0,61.697067323018075,2.8371126143821868,13.070192506682199\nmorehouse,80.0,7.5,0.0,61.697067323018075,2.8371126143821868,13.070192506682199\nmorehouse,80.0,7.5,0.0,61.697067323018075,2.8371126143821868,13.070192506682199\nmorehouse,80.0,7.5,0.0,61.697067323018075,2.8371126143821868,13.070192506682199\nmorehouse,80.0,7.5,0.0,61.697067323018075,2.8371126143821868,13.070192506682199\nmorehouse,80.0,7.5,0.0,61.697067323018075,2.8371126143821868,13.070192506682199\nmorehouse,80.0,7.5,0.0,61.697067323018075,2.8371126143821868,13.070192506682199\nmorehouse,80.0,7.5,0.0,61.697067323018075,2.8371126143821868,13.070192506682199\nmorehouse,80.0,7.5,0.0,61.697067323018075,2.8371126143821868,13.070192506682199\nmorehouse,80.0,7.5,0.0,61.697067323018075,2.8371126143821868,13.070192506682199\nmorehouse,80.0,7.5,0.0,61.697067323018075,2.8371126143821868,13.070192506682199\nmorehouse,80.0,7.5,0.0,61.697067323018075,2.8371126143821868,13.070192506682199\nmorehouse,80.0,7.5,0.0,61.697067323018075,2.8371126143821868,13.070192506682199\nmorehouse,80.0,7.5,0.0,61.697067323018075,2.8371126143821868,13.070192506682199\nmorehouse,80.0,7.5,0.0,61.697067323018075,2.8371126143821868,13.070192506682199\nmorehouse,80.0,7.5,0.0,61.697067323018075,2.8371126143821868,13.070192506682199\nmorehouse,80.0,7.5,0.0,61.697067323018075,2.8371126143821868,13.070192506682199\nmorehouse,80.0,7.5,0.0,61.697067323018075,2.8371126143821868,13.070192506682199\nmorehouse,80.0,7.5,0.0,61.697067323018075,2.8371126143821868,13.070192506682199\nmorehouse,80.0,7.5,0.0,61.697067323018075,2.8371126143821868,13.070192506682199\nmorehouse,80.0,7.5,0.0,61.697067323018075,2.8371126143821868,13.070192506682199\nmorehouse,80.0,7.5,0.0,61.697067323018075,2.8371126143821868,13.070192506682199\nmorehouse,37.5,17.0,0.0,61.703282766546636,4.120676386316635,19.073509179224434\nmorehouse,37.5,17.0,0.0,61.703282766546636,4.120676386316635,19.073509179224434\nmorehouse,37.5,17.0,0.0,61.703282766546636,4.120676386316635,19.073509179224434\nmorehouse,37.5,17.0,0.0,61.703282766546636,4.120676386316635,19.073509179224434\nmorehouse,37.5,17.0,0.0,61.703282766546636,4.120676386316635,19.073509179224434\nmorehouse,37.5,17.0,0.0,61.703282766546636,4.120676386316635,19.073509179224434\nmorehouse,37.5,17.0,0.0,61.703282766546636,4.120676386316635,19.073509179224434\nmorehouse,37.5,17.0,0.0,61.703282766546636,4.120676386316635,19.073509179224434\nmorehouse,37.5,17.0,0.0,61.703282766546636,4.120676386316635,19.073509179224434\nmorehouse,37.5,17.0,0.0,61.703282766546636,4.120676386316635,19.073509179224434\nmorehouse,37.5,17.0,0.0,61.703282766546636,4.120676386316635,19.073509179224434\nmorehouse,37.5,17.0,0.0,61.703282766546636,4.120676386316635,19.073509179224434\nmorehouse,37.5,17.0,0.0,61.703282766546636,4.120676386316635,19.073509179224434\nmorehouse,37.5,17.0,0.0,61.703282766546636,4.120676386316635,19.073509179224434\nmorehouse,37.5,17.0,0.0,61.703282766546636,4.120676386316635,19.073509179224434\nmorehouse,37.5,17.0,0.0,61.703282766546636,4.120676386316635,19.073509179224434\nmorehouse,37.5,17.0,0.0,61.703282766546636,4.120676386316635,19.073509179224434\nmorehouse,37.5,17.0,0.0,61.703282766546636,4.120676386316635,19.073509179224434\nmorehouse,37.5,17.0,0.0,61.703282766546636,4.120676386316635,19.073509179224434\nmorehouse,37.5,17.0,0.0,61.703282766546636,4.120676386316635,19.073509179224434\nmorehouse,37.5,17.0,0.0,61.703282766546636,4.120676386316635,19.073509179224434\nmorehouse,37.5,17.0,0.0,61.703282766546636,4.120676386316635,19.073509179224434\nmorehouse,37.5,17.0,0.0,61.703282766546636,4.120676386316635,19.073509179224434\nmorehouse,37.5,17.0,0.0,61.703282766546636,4.120676386316635,19.073509179224434\nmorehouse,37.5,17.0,0.0,61.703282766546636,4.120676386316635,19.073509179224434\nmorehouse,37.5,17.0,0.0,61.703282766546636,4.120676386316635,19.073509179224434\nmorehouse,37.5,17.0,0.0,61.703282766546636,4.120676386316635,19.073509179224434\nmorehouse,37.5,17.0,0.0,61.703282766546636,4.120676386316635,19.073509179224434\nmorehouse,37.5,17.0,0.0,61.703282766546636,4.120676386316635,19.073509179224434\nmorehouse,37.5,17.0,0.0,61.703282766546636,4.120676386316635,19.073509179224434\nmorehouse,37.5,17.0,0.0,61.703282766546636,4.120676386316635,19.073509179224434\nmorehouse,37.5,17.0,0.0,61.703282766546636,4.120676386316635,19.073509179224434\nmorehouse,37.5,17.0,0.0,61.703282766546636,4.120676386316635,19.073509179224434\nmorehouse,37.5,17.0,0.0,61.703282766546636,4.120676386316635,19.073509179224434\nmorehouse,37.5,17.0,0.0,61.703282766546636,4.120676386316635,19.073509179224434\nmorehouse,37.5,17.0,0.0,61.703282766546636,4.120676386316635,19.073509179224434\nmorehouse,37.5,17.0,0.0,61.703282766546636,4.120676386316635,19.073509179224434\nmorehouse,37.5,17.0,0.0,61.703282766546636,4.120676386316635,19.073509179224434\nmorehouse,37.5,17.0,0.0,61.703282766546636,4.120676386316635,19.073509179224434\nmorehouse,37.5,17.0,0.0,61.703282766546636,4.120676386316635,19.073509179224434\nmorehouse,37.5,17.0,0.0,61.703282766546636,4.120676386316635,19.073509179224434\nmorehouse,37.5,17.0,0.0,61.703282766546636,4.120676386316635,19.073509179224434\nmorehouse,37.5,17.0,0.0,61.703282766546636,4.120676386316635,19.073509179224434\nmorehouse,37.5,17.0,0.0,61.703282766546636,4.120676386316635,19.073509179224434\nmorehouse,37.5,17.0,0.0,61.703282766546636,4.120676386316635,19.073509179224434\nmorehouse,37.5,17.0,0.0,61.703282766546636,4.120676386316635,19.073509179224434\nmorehouse,37.5,17.0,0.0,61.703282766546636,4.120676386316635,19.073509179224434\nmorehouse,37.5,17.0,0.0,61.703282766546636,4.120676386316635,19.073509179224434\nmorehouse,,,,,,\nmorehouse,,,,,,\nmorehouse,,,,,,\nmorehouse,,,,,,\nmorehouse,,,,,,\nmorehouse,,,,,,\nmorehouse,,,,,,\nmorehouse,,,,,,\nmorehouse,,,,,,\nmorehouse,,,,,,\nmorehouse,,,,,,\nmorehouse,,,,,,\nmorehouse,,,,,,\nmorehouse,,,,,,\nmorehouse,,,,,,\nmorehouse,,,,,,\nmorehouse,,,,,,\nmorehouse,,,,,,\nmorehouse,,,,,,\nmorehouse,,,,,,\nmorehouse,,,,,,\nmorehouse,,,,,,\nmorehouse,,,,,,\nmorehouse,,,,,,\nmorehouse,,,,,,\nmorehouse,,,,,,\nmorehouse,,,,,,\nmorehouse,,,,,,\nmorehouse,,,,,,\nmorehouse,,,,,,\nmorehouse,,,,,,\nmorehouse,,,,,,\nmorehouse,,,,,,\nmorehouse,,,,,,\nmorehouse,,,,,,\nmorehouse,,,,,,\nmorehouse,,,,,,\nmorehouse,,,,,,\nmorehouse,,,,,,\nmorehouse,,,,,,\nmorehouse,,,,,,\nmorehouse,,,,,,\nmorehouse,,,,,,\nmorehouse,,,,,,\nmorehouse,,,,,,\nmorehouse,,,,,,\nmorehouse,,,,,,\nmorehouse,,,,,,\nyoutlkue,25.0,13.5,0.0,61.697067323018075,2.8371126143821868,13.070192506682199\nyoutlkue,25.0,13.5,0.0,61.697067323018075,2.8371126143821868,13.070192506682199\nyoutlkue,25.0,13.5,0.0,61.697067323018075,2.8371126143821868,13.070192506682199\nyoutlkue,25.0,13.5,0.0,61.697067323018075,2.8371126143821868,13.070192506682199\nyoutlkue,25.0,13.5,0.0,61.697067323018075,2.8371126143821868,13.070192506682199\nyoutlkue,25.0,13.5,0.0,61.697067323018075,2.8371126143821868,13.070192506682199\nyoutlkue,25.0,13.5,0.0,61.697067323018075,2.8371126143821868,13.070192506682199\nyoutlkue,25.0,13.5,0.0,61.697067323018075,2.8371126143821868,13.070192506682199\nyoutlkue,25.0,13.5,0.0,61.697067323018075,2.8371126143821868,13.070192506682199\nyoutlkue,25.0,13.5,0.0,61.697067323018075,2.8371126143821868,13.070192506682199\nyoutlkue,25.0,13.5,0.0,61.697067323018075,2.8371126143821868,13.070192506682199\nyoutlkue,25.0,13.5,0.0,61.697067323018075,2.8371126143821868,13.070192506682199\nyoutlkue,25.0,13.5,0.0,61.697067323018075,2.8371126143821868,13.070192506682199\nyoutlkue,10.0,33.5,0.0,71.60636515574164,1.125498577291273,6.932398775598725\nyoutlkue,10.0,33.5,0.0,71.60636515574164,1.125498577291273,6.932398775598725\nyoutlkue,10.0,33.5,0.0,71.60636515574164,1.125498577291273,6.932398775598725\nyoutlkue,10.0,33.5,0.0,71.60636515574164,1.125498577291273,6.932398775598725\nyoutlkue,10.0,33.5,0.0,71.60636515574164,1.125498577291273,6.932398775598725\nyoutlkue,10.0,33.5,0.0,71.60636515574164,1.125498577291273,6.932398775598725\nyoutlkue,10.0,33.5,0.0,71.60636515574164,1.125498577291273,6.932398775598725\nyoutlkue,10.0,33.5,0.0,71.60636515574164,1.125498577291273,6.932398775598725\nyoutlkue,10.0,33.5,0.0,71.60636515574164,1.125498577291273,6.932398775598725\nyoutlkue,10.0,33.5,0.0,71.60636515574164,1.125498577291273,6.932398775598725\nyoutlkue,10.0,33.5,0.0,71.60636515574164,1.125498577291273,6.932398775598725\nyoutlkue,10.0,33.5,0.0,71.60636515574164,1.125498577291273,6.932398775598725\nyoutlkue,10.0,33.5,0.0,71.60636515574164,1.125498577291273,6.932398775598725\nyoutlkue,10.0,33.5,0.0,71.60636515574164,1.125498577291273,6.932398775598725\nyoutlkue,10.0,33.5,0.0,71.60636515574164,1.125498577291273,6.932398775598725\nyoutlkue,10.0,33.5,0.0,71.60636515574164,1.125498577291273,6.932398775598725\nyoutlkue,10.0,33.5,0.0,71.60636515574164,1.125498577291273,6.932398775598725\nyoutlkue,10.0,33.5,0.0,71.60636515574164,1.125498577291273,6.932398775598725\nyoutlkue,10.0,33.5,0.0,71.60636515574164,1.125498577291273,6.932398775598725\nyoutlkue,10.0,33.5,0.0,71.60636515574164,1.125498577291273,6.932398775598725\nyoutlkue,10.0,33.5,0.0,71.6142334683441,2.4486888435130694,13.21230935513964\nyoutlkue,10.0,33.5,0.0,71.6142334683441,2.4486888435130694,13.21230935513964\nyoutlkue,10.0,33.5,0.0,71.6142334683441,2.4486888435130694,13.21230935513964\nyoutlkue,10.0,33.5,0.0,71.6142334683441,2.4486888435130694,13.21230935513964\nyoutlkue,10.0,33.5,0.0,71.6142334683441,2.4486888435130694,13.21230935513964\nyoutlkue,10.0,33.5,0.0,71.6142334683441,2.4486888435130694,13.21230935513964\nyoutlkue,10.0,33.5,0.0,71.6142334683441,2.4486888435130694,13.21230935513964\nyoutlkue,10.0,33.5,0.0,71.6142334683441,2.4486888435130694,13.21230935513964\nyoutlkue,10.0,33.5,0.0,71.6142334683441,2.4486888435130694,13.21230935513964\nyoutlkue,10.0,33.5,0.0,71.6142334683441,2.4486888435130694,13.21230935513964\nyoutlkue,10.0,33.5,0.0,71.6142334683441,2.4486888435130694,13.21230935513964\nyoutlkue,10.0,33.5,0.0,71.6142334683441,2.4486888435130694,13.21230935513964\nyoutlkue,10.0,33.5,0.0,71.6142334683441,2.4486888435130694,13.21230935513964\nyoutlkue,10.0,33.5,0.0,71.6142334683441,2.4486888435130694,13.21230935513964\nyoutlkue,10.0,33.5,0.0,71.6142334683441,2.4486888435130694,13.21230935513964\nyoutlkue,10.0,33.5,0.0,71.6142334683441,2.4486888435130694,13.21230935513964\nyoutlkue,10.0,33.5,0.0,71.6142334683441,2.4486888435130694,13.21230935513964\nyoutlkue,10.0,33.5,0.0,71.6142334683441,2.4486888435130694,13.21230935513964\nyoutlkue,10.0,33.5,0.0,71.6142334683441,2.4486888435130694,13.21230935513964\nyoutlkue,10.0,33.5,0.0,71.6142334683441,2.4486888435130694,13.21230935513964\nyoutlkue,10.0,33.5,0.0,71.6142334683441,2.4486888435130694,13.21230935513964\nyoutlkue,10.0,33.5,0.0,71.6142334683441,2.4486888435130694,13.21230935513964\nyoutlkue,10.0,33.5,0.0,71.6142334683441,2.4486888435130694,13.21230935513964\nyoutlkue,25.0,13.5,48.0,81.36696398209004,2.0115956816622593,13.471784390084562\nyoutlkue,25.0,13.5,48.0,81.36696398209004,2.0115956816622593,13.471784390084562\nyoutlkue,25.0,13.5,48.0,81.36696398209004,2.0115956816622593,13.471784390084562\nyoutlkue,25.0,13.5,48.0,81.36696398209004,2.0115956816622593,13.471784390084562\nyoutlkue,25.0,13.5,48.0,81.36696398209004,2.0115956816622593,13.471784390084562\nyoutlkue,25.0,13.5,48.0,81.36696398209004,2.0115956816622593,13.471784390084562\nyoutlkue,25.0,13.5,48.0,81.36696398209004,2.0115956816622593,13.471784390084562\nyoutlkue,25.0,13.5,48.0,81.36696398209004,2.0115956816622593,13.471784390084562\nyoutlkue,25.0,13.5,48.0,81.36696398209004,2.0115956816622593,13.471784390084562\nyoutlkue,25.0,13.5,48.0,81.36696398209004,2.0115956816622593,13.471784390084562\nyoutlkue,25.0,13.5,48.0,81.36696398209004,2.0115956816622593,13.471784390084562\nyoutlkue,25.0,13.5,48.0,81.36696398209004,2.0115956816622593,13.471784390084562\nyoutlkue,25.0,13.5,48.0,81.36696398209004,2.0115956816622593,13.471784390084562\nyoutlkue,25.0,13.5,48.0,81.36696398209004,2.0115956816622593,13.471784390084562\nyoutlkue,25.0,13.5,48.0,81.36696398209004,2.0115956816622593,13.471784390084562\nyoutlkue,25.0,13.5,48.0,81.36696398209004,2.0115956816622593,13.471784390084562\nyoutlkue,25.0,13.5,48.0,81.36696398209004,2.0115956816622593,13.471784390084562\nyoutlkue,25.0,13.5,48.0,81.36696398209004,2.0115956816622593,13.471784390084562\nyoutlkue,25.0,13.5,48.0,81.36696398209004,2.0115956816622593,13.471784390084562\nyoutlkue,25.0,13.5,48.0,81.36696398209004,2.0115956816622593,13.471784390084562\nyoutlkue,25.0,13.5,48.0,81.36696398209004,2.0115956816622593,13.471784390084562\nyoutlkue,25.0,13.5,48.0,81.36696398209004,2.0115956816622593,13.471784390084562\nyoutlkue,25.0,13.5,48.0,81.36696398209004,2.0115956816622593,13.471784390084562\nyoutlkue,25.0,13.5,48.0,81.36696398209004,2.0115956816622593,13.471784390084562\nyoutlkue,25.0,13.5,48.0,81.36696398209004,2.0115956816622593,13.471784390084562\nyoutlkue,,,,,,\nyoutlkue,,,,,,\nyoutlkue,,,,,,\nyoutlkue,,,,,,\nyoutlkue,,,,,,\nyoutlkue,,,,,,\nyoutlkue,,,,,,\nyoutlkue,,,,,,\nyoutlkue,,,,,,\nyoutlkue,,,,,,\nyoutlkue,,,,,,\nyoutlkue,,,,,,\nyoutlkue,,,,,,\nyoutlkue,,,,,,\nyoutlkue,,,,,,\nyoutlkue,,,,,,\nyoutlkue,,,,,,\nyoutlkue,,,,,,\nyoutlkue,,,,,,\nyoutlkue,,,,,,\nyoutlkue,,,,,,\nyoutlkue,,,,,,\nyoutlkue,,,,,,\nyoutlkue,,,,,,\nyoutlkue,,,,,,\nyoutlkue,,,,,,\nyoutlkue,,,,,,\nyoutlkue,,,,,,\nyoutlkue,,,,,,\nyoutlkue,,,,,,\nyoutlkue,,,,,,\nyoutlkue,,,,,,\nyoutlkue,,,,,,\nyoutlkue,,,,,,\nyoutlkue,,,,,,\nyoutlkue,,,,,,\nyoutlkue,,,,,,\nyoutlkue,,,,,,\nyoutlkue,,,,,,\nyoutlkue,,,,,,\nyoutlkue,,,,,,\nyoutlkue,,,,,,\nyoutlkue,,,,,,\nyoutlkue,,,,,,\nyoutlkue,,,,,,\nyoutlkue,,,,,,\nyoutlkue,,,,,,\nyoutlkue,,,,,,\nyoutlkue,,,,,,\nyoutlkue,,,,,,\nyoutlkue,,,,,,\nyoutlkue,,,,,,\nyoutlkue,,,,,,\nyoutlkue,,,,,,\nyoutlkue,,,,,,\nyoutlkue,,,,,,\nyoutlkue,,,,,,\nyoutlkue,,,,,,\nyoutlkue,,,,,,\nyoutlkue,,,,,,\nyoutlkue,,,,,,\nyoutlkue,,,,,,\nyoutlkue,,,,,,\nyoutlkue,,,,,,\nyoutlkue,,,,,,\nyoutlkue,,,,,,\nyoutlkue,,,,,,\nyoutlkue,,,,,,\nyoutlkue,,,,,,\nyoutlkue,,,,,,\nyoutlkue,,,,,,\nyoutlkue,,,,,,\nyoutlkue,,,,,,\nyoutlkue,,,,,,\nyoutlkue,,,,,,\nyoutlkue,,,,,,\nyoutlkue,,,,,,\nyoutlkue,,,,,,\nyoutlkue,,,,,,\nyoutlkue,,,,,,\nyoutlkue,,,,,,\nyoutlkue,,,,,,\nyoutlkue,,,,,,\nyoutlkue,,,,,,\nyoutlkue,,,,,,\nyoutlkue,,,,,,\nyoutlkue,,,,,,\nyoutlkue,,,,,,\nyoutlkue,,,,,,\nyoutlkue,,,,,,\nyoutlkue,,,,,,\nyoutlkue,,,,,,\nyoutlkue,,,,,,\nyoutlkue,,,,,,\nyoutlkue,,,,,,\nyoutlkue,,,,,,\nyoutlkue,,,,,,\nyoutlkue,,,,,,\nyoutlkue,,,,,,\nyoutlkue,,,,,,\nyoutlkue,,,,,,\nyoutlkue,,,,,,\nyoutlkue,,,,,,\nyoutlkue,,,,,,\nyoutlkue,,,,,,\nyoutlkue,,,,,,\nyoutlkue,,,,,,\nyoutlkue,,,,,,\nyoutlkue,,,,,,\nyoutlkue,,,,,,\nyoutlkue,,,,,,\nyoutlkue,,,,,,\nyoutlkue,,,,,,\nyoutlkue,,,,,,\nyoutlkue,,,,,,\nyoutlkue,,,,,,\nyoutlkue,,,,,,\nyoutlkue,,,,,,\nyoutlkue,,,,,,\nabert,80.0,7.5,0.0,51.59117331351966,3.180150055665021,12.67936275693029\nabert,80.0,7.5,0.0,51.59117331351966,3.180150055665021,12.67936275693029\nabert,80.0,7.5,0.0,51.59117331351966,3.180150055665021,12.67936275693029\nabert,80.0,7.5,0.0,51.59117331351966,3.180150055665021,12.67936275693029\nabert,80.0,7.5,0.0,51.59117331351966,3.180150055665021,12.67936275693029\nabert,61.5,10.0,0.0,61.697067323018075,2.8371126143821868,13.070192506682199\nabert,61.5,10.0,0.0,61.697067323018075,2.8371126143821868,13.070192506682199\nabert,61.5,10.0,0.0,61.697067323018075,2.8371126143821868,13.070192506682199\nabert,61.5,10.0,0.0,61.697067323018075,2.8371126143821868,13.070192506682199\nabert,61.5,10.0,0.0,61.697067323018075,2.8371126143821868,13.070192506682199\nabert,61.5,10.0,0.0,61.697067323018075,2.8371126143821868,13.070192506682199\nabert,61.5,10.0,0.0,61.697067323018075,2.8371126143821868,13.070192506682199\nabert,61.5,10.0,0.0,61.697067323018075,2.8371126143821868,13.070192506682199\nabert,61.5,10.0,0.0,61.697067323018075,2.8371126143821868,13.070192506682199\nabert,61.5,10.0,0.0,61.697067323018075,2.8371126143821868,13.070192506682199\nabert,61.5,10.0,0.0,61.697067323018075,2.8371126143821868,13.070192506682199\nabert,61.5,10.0,0.0,61.697067323018075,2.8371126143821868,13.070192506682199\nabert,61.5,10.0,0.0,61.697067323018075,2.8371126143821868,13.070192506682199\nabert,61.5,10.0,0.0,61.697067323018075,2.8371126143821868,13.070192506682199\nabert,61.5,10.0,0.0,61.697067323018075,2.8371126143821868,13.070192506682199\nabert,37.5,17.0,0.0,61.703282766546636,4.120676386316635,19.073509179224434\nabert,37.5,17.0,0.0,61.703282766546636,4.120676386316635,19.073509179224434\nabert,37.5,17.0,0.0,61.703282766546636,4.120676386316635,19.073509179224434\nabert,37.5,17.0,0.0,61.703282766546636,4.120676386316635,19.073509179224434\nabert,37.5,17.0,0.0,61.703282766546636,4.120676386316635,19.073509179224434\nabert,37.5,17.0,0.0,61.703282766546636,4.120676386316635,19.073509179224434\nabert,37.5,17.0,0.0,61.703282766546636,4.120676386316635,19.073509179224434\nabert,37.5,17.0,0.0,61.703282766546636,4.120676386316635,19.073509179224434\nabert,37.5,17.0,0.0,61.703282766546636,4.120676386316635,19.073509179224434\nabert,37.5,17.0,0.0,61.703282766546636,4.120676386316635,19.073509179224434\nabert,37.5,17.0,0.0,61.703282766546636,4.120676386316635,19.073509179224434\nabert,37.5,17.0,0.0,61.703282766546636,4.120676386316635,19.073509179224434\nabert,37.5,17.0,0.0,61.703282766546636,4.120676386316635,19.073509179224434\nabert,25.0,13.5,0.0,51.596496515996904,4.791128548966849,18.92743223794755\nabert,25.0,13.5,0.0,51.596496515996904,4.791128548966849,18.92743223794755\nabert,25.0,13.5,0.0,51.596496515996904,4.791128548966849,18.92743223794755\nabert,25.0,13.5,0.0,51.596496515996904,4.791128548966849,18.92743223794755\nabert,25.0,13.5,0.0,51.596496515996904,4.791128548966849,18.92743223794755\nabert,25.0,13.5,0.0,51.596496515996904,4.791128548966849,18.92743223794755\nabert,25.0,13.5,0.0,51.596496515996904,4.791128548966849,18.92743223794755\nabert,25.0,13.5,0.0,51.596496515996904,4.791128548966849,18.92743223794755\nabert,25.0,13.5,0.0,51.596496515996904,4.791128548966849,18.92743223794755\nabert,25.0,13.5,0.0,51.596496515996904,4.791128548966849,18.92743223794755\nabert,25.0,13.5,0.0,71.6142334683441,2.4486888435130694,13.21230935513964\nabert,25.0,13.5,0.0,71.6142334683441,2.4486888435130694,13.21230935513964\nabert,25.0,13.5,0.0,71.6142334683441,2.4486888435130694,13.21230935513964\nabert,25.0,13.5,0.0,71.6142334683441,2.4486888435130694,13.21230935513964\nabert,25.0,13.5,0.0,71.6142334683441,2.4486888435130694,13.21230935513964\nabert,25.0,13.5,0.0,71.6142334683441,2.4486888435130694,13.21230935513964\nabert,25.0,13.5,0.0,71.6142334683441,2.4486888435130694,13.21230935513964\nabert,25.0,13.5,0.0,71.6142334683441,2.4486888435130694,13.21230935513964\nabert,25.0,13.5,0.0,71.6142334683441,2.4486888435130694,13.21230935513964\nabert,25.0,13.5,0.0,71.6142334683441,2.4486888435130694,13.21230935513964\nabert,25.0,13.5,0.0,71.6142334683441,2.4486888435130694,13.21230935513964\nabert,25.0,13.5,0.0,71.6142334683441,2.4486888435130694,13.21230935513964\nabert,25.0,13.5,0.0,71.6142334683441,2.4486888435130694,13.21230935513964\nabert,25.0,13.5,0.0,71.6142334683441,2.4486888435130694,13.21230935513964\nabert,25.0,13.5,0.0,71.6142334683441,2.4486888435130694,13.21230935513964\nabert,25.0,13.5,0.0,71.6142334683441,2.4486888435130694,13.21230935513964\nabert,25.0,13.5,0.0,71.6142334683441,2.4486888435130694,13.21230935513964\nabert,25.0,13.5,0.0,71.6142334683441,2.4486888435130694,13.21230935513964\nabert,25.0,13.5,0.0,71.6142334683441,2.4486888435130694,13.21230935513964\nabert,25.0,13.5,0.0,71.6142334683441,2.4486888435130694,13.21230935513964\nabert,25.0,13.5,0.0,71.6142334683441,2.4486888435130694,13.21230935513964\nabert,25.0,13.5,0.0,71.6142334683441,2.4486888435130694,13.21230935513964\nabert,25.0,13.5,0.0,71.6142334683441,2.4486888435130694,13.21230935513964\nabert,25.0,13.5,0.0,71.6142334683441,2.4486888435130694,13.21230935513964\nabert,25.0,13.5,0.0,71.6142334683441,2.4486888435130694,13.21230935513964\nabert,25.0,13.5,0.0,71.6142334683441,2.4486888435130694,13.21230935513964\nabert,25.0,13.5,0.0,71.6142334683441,2.4486888435130694,13.21230935513964\nabert,25.0,13.5,0.0,71.6142334683441,2.4486888435130694,13.21230935513964\nabert,25.0,13.5,0.0,71.6142334683441,2.4486888435130694,13.21230935513964\nabert,25.0,13.5,0.0,71.6142334683441,2.4486888435130694,13.21230935513964\nabert,25.0,13.5,0.0,71.6142334683441,2.4486888435130694,13.21230935513964\nabert,25.0,13.5,0.0,71.6142334683441,2.4486888435130694,13.21230935513964\nabert,25.0,13.5,0.0,71.6142334683441,2.4486888435130694,13.21230935513964\nabert,25.0,13.5,0.0,71.6142334683441,2.4486888435130694,13.21230935513964\nabert,25.0,13.5,0.0,71.6142334683441,2.4486888435130694,13.21230935513964\nabert,25.0,13.5,0.0,71.6142334683441,2.4486888435130694,13.21230935513964\nabert,25.0,13.5,0.0,71.6142334683441,2.4486888435130694,13.21230935513964\nabert,25.0,13.5,0.0,71.6142334683441,2.4486888435130694,13.21230935513964\nabert,25.0,13.5,0.0,71.6142334683441,2.4486888435130694,13.21230935513964\nabert,25.0,13.5,0.0,71.6142334683441,2.4486888435130694,13.21230935513964\nabert,25.0,13.5,0.0,71.6142334683441,2.4486888435130694,13.21230935513964\nabert,25.0,13.5,0.0,71.6142334683441,2.4486888435130694,13.21230935513964\nabert,25.0,13.5,0.0,71.6142334683441,2.4486888435130694,13.21230935513964\nabert,25.0,13.5,0.0,71.6142334683441,2.4486888435130694,13.21230935513964\nabert,25.0,13.5,0.0,71.6142334683441,2.4486888435130694,13.21230935513964\nabert,25.0,13.5,0.0,71.6142334683441,2.4486888435130694,13.21230935513964\nabert,80.0,7.5,25.0,61.703282766546636,4.120676386316635,19.073509179224434\nabert,80.0,7.5,25.0,61.703282766546636,4.120676386316635,19.073509179224434\nabert,80.0,7.5,25.0,61.703282766546636,4.120676386316635,19.073509179224434\nabert,80.0,7.5,25.0,61.703282766546636,4.120676386316635,19.073509179224434\nabert,80.0,7.5,25.0,61.703282766546636,4.120676386316635,19.073509179224434\nabert,80.0,7.5,25.0,61.703282766546636,4.120676386316635,19.073509179224434\nabert,80.0,7.5,25.0,61.703282766546636,4.120676386316635,19.073509179224434\nabert,80.0,7.5,25.0,61.703282766546636,4.120676386316635,19.073509179224434\nabert,80.0,7.5,25.0,61.703282766546636,4.120676386316635,19.073509179224434\nabert,80.0,7.5,25.0,61.703282766546636,4.120676386316635,19.073509179224434\nabert,80.0,7.5,25.0,61.703282766546636,4.120676386316635,19.073509179224434\nabert,80.0,7.5,25.0,61.703282766546636,4.120676386316635,19.073509179224434\nabert,80.0,7.5,25.0,61.703282766546636,4.120676386316635,19.073509179224434\nabert,80.0,7.5,25.0,61.703282766546636,4.120676386316635,19.073509179224434\nabert,80.0,7.5,25.0,61.703282766546636,4.120676386316635,19.073509179224434\nabert,80.0,7.5,25.0,61.703282766546636,4.120676386316635,19.073509179224434\nabert,80.0,7.5,25.0,61.703282766546636,4.120676386316635,19.073509179224434\nabert,80.0,7.5,25.0,61.703282766546636,4.120676386316635,19.073509179224434\nabert,80.0,7.5,25.0,61.703282766546636,4.120676386316635,19.073509179224434\nabert,80.0,7.5,25.0,61.703282766546636,4.120676386316635,19.073509179224434\nabert,80.0,7.5,25.0,61.703282766546636,4.120676386316635,19.073509179224434\nabert,80.0,7.5,25.0,61.703282766546636,4.120676386316635,19.073509179224434\nabert,80.0,7.5,25.0,61.703282766546636,4.120676386316635,19.073509179224434\nabert,80.0,7.5,25.0,61.703282766546636,4.120676386316635,19.073509179224434\nabert,80.0,7.5,25.0,61.703282766546636,4.120676386316635,19.073509179224434\nabert,80.0,7.5,25.0,61.703282766546636,4.120676386316635,19.073509179224434\nabert,80.0,7.5,25.0,61.703282766546636,4.120676386316635,19.073509179224434\nabert,80.0,7.5,25.0,61.703282766546636,4.120676386316635,19.073509179224434\nabert,80.0,7.5,25.0,61.703282766546636,4.120676386316635,19.073509179224434\nabert,80.0,7.5,25.0,61.703282766546636,4.120676386316635,19.073509179224434\nabert,80.0,7.5,25.0,61.703282766546636,4.120676386316635,19.073509179224434\nabert,80.0,7.5,25.0,61.703282766546636,4.120676386316635,19.073509179224434\nabert,80.0,7.5,25.0,61.703282766546636,4.120676386316635,19.073509179224434\nabert,80.0,7.5,25.0,61.703282766546636,4.120676386316635,19.073509179224434\nabert,80.0,7.5,25.0,61.703282766546636,4.120676386316635,19.073509179224434\nabert,80.0,7.5,25.0,61.703282766546636,4.120676386316635,19.073509179224434\nabert,80.0,7.5,25.0,61.703282766546636,4.120676386316635,19.073509179224434\nabert,80.0,7.5,25.0,61.703282766546636,4.120676386316635,19.073509179224434\nabert,80.0,7.5,25.0,61.703282766546636,4.120676386316635,19.073509179224434\nabert,80.0,7.5,25.0,61.703282766546636,4.120676386316635,19.073509179224434\nabert,80.0,7.5,25.0,61.703282766546636,4.120676386316635,19.073509179224434\nabert,80.0,7.5,25.0,61.703282766546636,4.120676386316635,19.073509179224434\nabert,80.0,7.5,25.0,61.703282766546636,4.120676386316635,19.073509179224434\nabert,80.0,7.5,25.0,61.703282766546636,4.120676386316635,19.073509179224434\nabert,80.0,7.5,25.0,61.703282766546636,4.120676386316635,19.073509179224434\nabert,80.0,7.5,25.0,61.703282766546636,4.120676386316635,19.073509179224434\nabert,80.0,7.5,25.0,61.703282766546636,4.120676386316635,19.073509179224434\nabert,80.0,7.5,25.0,61.703282766546636,4.120676386316635,19.073509179224434\nabert,80.0,7.5,25.0,61.703282766546636,4.120676386316635,19.073509179224434\nabert,80.0,7.5,25.0,61.703282766546636,4.120676386316635,19.073509179224434\nabert,80.0,7.5,25.0,61.703282766546636,4.120676386316635,19.073509179224434\nabert,80.0,7.5,25.0,61.703282766546636,4.120676386316635,19.073509179224434\nabert,80.0,7.5,25.0,61.703282766546636,4.120676386316635,19.073509179224434\nabert,80.0,7.5,25.0,61.703282766546636,4.120676386316635,19.073509179224434\nabert,80.0,7.5,25.0,61.703282766546636,4.120676386316635,19.073509179224434\nabert,80.0,7.5,25.0,61.703282766546636,4.120676386316635,19.073509179224434\nabert,80.0,7.5,25.0,61.703282766546636,4.120676386316635,19.073509179224434\nabert,80.0,7.5,25.0,61.703282766546636,4.120676386316635,19.073509179224434\nabert,80.0,7.5,25.0,61.703282766546636,4.120676386316635,19.073509179224434\nabert,80.0,7.5,25.0,61.703282766546636,4.120676386316635,19.073509179224434\nabert,80.0,7.5,25.0,61.703282766546636,4.120676386316635,19.073509179224434\nabert,80.0,7.5,25.0,61.703282766546636,4.120676386316635,19.073509179224434\nabert,80.0,7.5,25.0,61.703282766546636,4.120676386316635,19.073509179224434\nabert,,,,,,\nabert,,,,,,\nabert,,,,,,\nabert,,,,,,\nabert,,,,,,\nabert,,,,,,\nabert,,,,,,\nabert,,,,,,\nabert,,,,,,\nabert,,,,,,\nabert,,,,,,\nabert,,,,,,\nabert,,,,,,\nabert,,,,,,\nabert,,,,,,\nabert,,,,,,\nabert,,,,,,\nabert,,,,,,\nabert,,,,,,\nabert,,,,,,\nabert,,,,,,\nabert,,,,,,\nabert,,,,,,\nabert,,,,,,\nabert,,,,,,\nabert,,,,,,\nabert,,,,,,\nabert,,,,,,\nabert,,,,,,\nabert,,,,,,\nabert,,,,,,\nabert,,,,,,\nabert,,,,,,\nabert,,,,,,\nabert,,,,,,\nabert,,,,,,\nabert,,,,,,\nabert,,,,,,\nabert,,,,,,\nabert,,,,,,\nabert,,,,,,\nabert,,,,,,\nabert,,,,,,\nabert,,,,,,\nabert,,,,,,\nabert,,,,,,\nabert,,,,,,\nabert,,,,,,\nsalhouse,80.0,7.5,0.0,61.697067323018075,2.8371126143821868,13.070192506682199\nsalhouse,80.0,7.5,0.0,61.697067323018075,2.8371126143821868,13.070192506682199\nsalhouse,80.0,7.5,0.0,61.697067323018075,2.8371126143821868,13.070192506682199\nsalhouse,80.0,7.5,0.0,61.697067323018075,2.8371126143821868,13.070192506682199\nsalhouse,80.0,7.5,0.0,61.697067323018075,2.8371126143821868,13.070192506682199\nsalhouse,80.0,7.5,0.0,61.697067323018075,2.8371126143821868,13.070192506682199\nsalhouse,80.0,7.5,0.0,61.697067323018075,2.8371126143821868,13.070192506682199\nsalhouse,80.0,7.5,0.0,61.697067323018075,2.8371126143821868,13.070192506682199\nsalhouse,80.0,7.5,0.0,61.697067323018075,2.8371126143821868,13.070192506682199\nsalhouse,80.0,7.5,0.0,61.697067323018075,2.8371126143821868,13.070192506682199\nsalhouse,80.0,7.5,0.0,61.697067323018075,2.8371126143821868,13.070192506682199\nsalhouse,80.0,7.5,0.0,61.697067323018075,2.8371126143821868,13.070192506682199\nsalhouse,80.0,7.5,0.0,61.697067323018075,2.8371126143821868,13.070192506682199\nsalhouse,80.0,7.5,0.0,51.59117331351966,3.180150055665021,12.67936275693029\nsalhouse,80.0,7.5,0.0,51.59117331351966,3.180150055665021,12.67936275693029\nsalhouse,80.0,7.5,0.0,51.59117331351966,3.180150055665021,12.67936275693029\nsalhouse,80.0,7.5,0.0,51.59117331351966,3.180150055665021,12.67936275693029\nsalhouse,80.0,7.5,0.0,51.59117331351966,3.180150055665021,12.67936275693029\nsalhouse,80.0,7.5,0.0,51.59117331351966,3.180150055665021,12.67936275693029\nsalhouse,80.0,7.5,0.0,51.59117331351966,3.180150055665021,12.67936275693029\nsalhouse,80.0,7.5,0.0,51.59117331351966,3.180150055665021,12.67936275693029\nsalhouse,80.0,7.5,0.0,51.59117331351966,3.180150055665021,12.67936275693029\nsalhouse,80.0,7.5,0.0,51.59117331351966,3.180150055665021,12.67936275693029\nsalhouse,80.0,7.5,0.0,51.59117331351966,3.180150055665021,12.67936275693029\nsalhouse,80.0,7.5,0.0,51.59117331351966,3.180150055665021,12.67936275693029\nsalhouse,80.0,7.5,0.0,51.59117331351966,3.180150055665021,12.67936275693029\nsalhouse,80.0,7.5,0.0,51.59117331351966,3.180150055665021,12.67936275693029\nsalhouse,80.0,7.5,0.0,51.59117331351966,3.180150055665021,12.67936275693029\nsalhouse,80.0,7.5,0.0,51.59117331351966,3.180150055665021,12.67936275693029\nsalhouse,80.0,7.5,0.0,51.59117331351966,3.180150055665021,12.67936275693029\nsalhouse,80.0,7.5,0.0,51.59117331351966,3.180150055665021,12.67936275693029\nsalhouse,80.0,7.5,0.0,51.59117331351966,3.180150055665021,12.67936275693029\nsalhouse,80.0,7.5,0.0,51.59117331351966,3.180150055665021,12.67936275693029\nsalhouse,80.0,7.5,0.0,51.59117331351966,3.180150055665021,12.67936275693029\nsalhouse,80.0,7.5,0.0,51.59117331351966,3.180150055665021,12.67936275693029\nsalhouse,80.0,7.5,0.0,51.59117331351966,3.180150055665021,12.67936275693029\nsalhouse,80.0,7.5,0.0,51.59117331351966,3.180150055665021,12.67936275693029\nsalhouse,80.0,7.5,0.0,51.59117331351966,3.180150055665021,12.67936275693029\nsalhouse,80.0,7.5,0.0,51.59117331351966,3.180150055665021,12.67936275693029\nsalhouse,80.0,7.5,0.0,51.59117331351966,3.180150055665021,12.67936275693029\nsalhouse,80.0,7.5,0.0,51.59117331351966,3.180150055665021,12.67936275693029\nsalhouse,80.0,7.5,0.0,51.59117331351966,3.180150055665021,12.67936275693029\nsalhouse,80.0,7.5,0.0,51.59117331351966,3.180150055665021,12.67936275693029\nsalhouse,80.0,7.5,0.0,51.59117331351966,3.180150055665021,12.67936275693029\nsalhouse,80.0,7.5,0.0,51.59117331351966,3.180150055665021,12.67936275693029\nsalhouse,80.0,7.5,0.0,51.59117331351966,3.180150055665021,12.67936275693029\nsalhouse,80.0,7.5,0.0,51.59117331351966,3.180150055665021,12.67936275693029\nsalhouse,80.0,7.5,0.0,51.59117331351966,3.180150055665021,12.67936275693029\nsalhouse,80.0,7.5,0.0,51.59117331351966,3.180150055665021,12.67936275693029\nsalhouse,80.0,7.5,0.0,51.59117331351966,3.180150055665021,12.67936275693029\nsalhouse,80.0,7.5,0.0,51.59117331351966,3.180150055665021,12.67936275693029\nsalhouse,80.0,7.5,0.0,51.59117331351966,3.180150055665021,12.67936275693029\nsalhouse,80.0,7.5,0.0,51.59117331351966,3.180150055665021,12.67936275693029\nsalhouse,80.0,7.5,0.0,51.59117331351966,3.180150055665021,12.67936275693029\nsalhouse,80.0,7.5,0.0,51.59117331351966,3.180150055665021,12.67936275693029\nsalhouse,80.0,7.5,0.0,51.59117331351966,3.180150055665021,12.67936275693029\nsalhouse,80.0,7.5,0.0,51.59117331351966,3.180150055665021,12.67936275693029\nsalhouse,80.0,7.5,0.0,51.59117331351966,3.180150055665021,12.67936275693029\nsalhouse,80.0,7.5,0.0,51.59117331351966,3.180150055665021,12.67936275693029\nsalhouse,80.0,7.5,0.0,51.59117331351966,3.180150055665021,12.67936275693029\nsalhouse,80.0,7.5,0.0,51.59117331351966,3.180150055665021,12.67936275693029\nsalhouse,80.0,7.5,0.0,51.59117331351966,3.180150055665021,12.67936275693029\nsalhouse,80.0,7.5,0.0,51.59117331351966,3.180150055665021,12.67936275693029\nsalhouse,80.0,7.5,0.0,51.59117331351966,3.180150055665021,12.67936275693029\nsalhouse,80.0,7.5,0.0,51.59117331351966,3.180150055665021,12.67936275693029\nsalhouse,80.0,7.5,0.0,51.59117331351966,3.180150055665021,12.67936275693029\nsalhouse,80.0,7.5,0.0,51.59117331351966,3.180150055665021,12.67936275693029\nsalhouse,80.0,7.5,0.0,51.59117331351966,3.180150055665021,12.67936275693029\nsalhouse,80.0,7.5,0.0,51.59117331351966,3.180150055665021,12.67936275693029\nsalhouse,80.0,7.5,0.0,51.59117331351966,3.180150055665021,12.67936275693029\nsalhouse,80.0,7.5,0.0,51.59117331351966,3.180150055665021,12.67936275693029\nsalhouse,80.0,7.5,0.0,51.59117331351966,3.180150055665021,12.67936275693029\nsalhouse,80.0,7.5,0.0,51.59117331351966,3.180150055665021,12.67936275693029\nsalhouse,80.0,7.5,0.0,51.59117331351966,3.180150055665021,12.67936275693029\nsalhouse,80.0,7.5,0.0,51.59117331351966,3.180150055665021,12.67936275693029\nsalhouse,80.0,7.5,0.0,51.59117331351966,3.180150055665021,12.67936275693029\nsalhouse,80.0,7.5,0.0,51.59117331351966,3.180150055665021,12.67936275693029\nsalhouse,80.0,7.5,0.0,51.59117331351966,3.180150055665021,12.67936275693029\nsalhouse,80.0,7.5,0.0,51.59117331351966,3.180150055665021,12.67936275693029\nsalhouse,80.0,7.5,0.0,51.59117331351966,3.180150055665021,12.67936275693029\nsalhouse,80.0,7.5,0.0,51.59117331351966,3.180150055665021,12.67936275693029\nsalhouse,80.0,7.5,0.0,51.59117331351966,3.180150055665021,12.67936275693029\nsalhouse,80.0,7.5,0.0,51.59117331351966,3.180150055665021,12.67936275693029\nsalhouse,80.0,7.5,0.0,51.59117331351966,3.180150055665021,12.67936275693029\nsalhouse,80.0,7.5,0.0,51.59117331351966,3.180150055665021,12.67936275693029\nsalhouse,80.0,7.5,0.0,51.59117331351966,3.180150055665021,12.67936275693029\nsalhouse,80.0,7.5,0.0,51.59117331351966,3.180150055665021,12.67936275693029\nsalhouse,80.0,7.5,0.0,51.59117331351966,3.180150055665021,12.67936275693029\nsalhouse,80.0,7.5,0.0,51.59117331351966,3.180150055665021,12.67936275693029\nsalhouse,80.0,7.5,0.0,51.59117331351966,3.180150055665021,12.67936275693029\nsalhouse,80.0,7.5,0.0,51.59117331351966,3.180150055665021,12.67936275693029\nsalhouse,80.0,7.5,0.0,51.59117331351966,3.180150055665021,12.67936275693029\nsalhouse,80.0,7.5,0.0,51.59117331351966,3.180150055665021,12.67936275693029\nsalhouse,80.0,7.5,0.0,51.59117331351966,3.180150055665021,12.67936275693029\nsalhouse,80.0,7.5,0.0,51.59117331351966,3.180150055665021,12.67936275693029\nsalhouse,80.0,7.5,0.0,51.59117331351966,3.180150055665021,12.67936275693029\nsalhouse,80.0,7.5,0.0,51.59117331351966,3.180150055665021,12.67936275693029\nsalhouse,80.0,7.5,0.0,51.59117331351966,3.180150055665021,12.67936275693029\nsalhouse,80.0,7.5,0.0,51.59117331351966,3.180150055665021,12.67936275693029\nsalhouse,80.0,7.5,0.0,51.59117331351966,3.180150055665021,12.67936275693029\nsalhouse,80.0,7.5,0.0,51.59117331351966,3.180150055665021,12.67936275693029\nsalhouse,80.0,7.5,0.0,51.59117331351966,3.180150055665021,12.67936275693029\nsalhouse,80.0,7.5,0.0,51.59117331351966,3.180150055665021,12.67936275693029\nsalhouse,80.0,7.5,0.0,51.59117331351966,3.180150055665021,12.67936275693029\nsalhouse,80.0,7.5,0.0,51.59117331351966,3.180150055665021,12.67936275693029\nsalhouse,80.0,7.5,0.0,51.59117331351966,3.180150055665021,12.67936275693029\nsalhouse,80.0,7.5,0.0,51.59117331351966,3.180150055665021,12.67936275693029\nsalhouse,25.0,13.5,0.0,61.697067323018075,2.8371126143821868,13.070192506682199\nsalhouse,25.0,13.5,0.0,61.697067323018075,2.8371126143821868,13.070192506682199\nsalhouse,25.0,13.5,0.0,61.697067323018075,2.8371126143821868,13.070192506682199\nsalhouse,25.0,13.5,0.0,61.697067323018075,2.8371126143821868,13.070192506682199\nsalhouse,25.0,13.5,0.0,61.697067323018075,2.8371126143821868,13.070192506682199\nsalhouse,25.0,13.5,0.0,61.697067323018075,2.8371126143821868,13.070192506682199\nsalhouse,25.0,13.5,0.0,61.697067323018075,2.8371126143821868,13.070192506682199\nsalhouse,25.0,13.5,0.0,61.697067323018075,2.8371126143821868,13.070192506682199\nsalhouse,25.0,13.5,0.0,61.697067323018075,2.8371126143821868,13.070192506682199\nsalhouse,25.0,13.5,0.0,61.697067323018075,2.8371126143821868,13.070192506682199\nsalhouse,25.0,13.5,0.0,61.697067323018075,2.8371126143821868,13.070192506682199\nsalhouse,25.0,13.5,0.0,61.697067323018075,2.8371126143821868,13.070192506682199\nsalhouse,25.0,13.5,0.0,61.697067323018075,2.8371126143821868,13.070192506682199\nsalhouse,25.0,13.5,0.0,61.697067323018075,2.8371126143821868,13.070192506682199\nsalhouse,25.0,13.5,0.0,61.697067323018075,2.8371126143821868,13.070192506682199\nsalhouse,25.0,13.5,0.0,61.697067323018075,2.8371126143821868,13.070192506682199\nsalhouse,25.0,13.5,0.0,61.697067323018075,2.8371126143821868,13.070192506682199\nsalhouse,25.0,13.5,0.0,61.697067323018075,2.8371126143821868,13.070192506682199\nsalhouse,25.0,13.5,0.0,61.697067323018075,2.8371126143821868,13.070192506682199\nsalhouse,25.0,13.5,0.0,61.697067323018075,2.8371126143821868,13.070192506682199\nsalhouse,25.0,13.5,0.0,61.697067323018075,2.8371126143821868,13.070192506682199\nsalhouse,25.0,13.5,0.0,61.697067323018075,2.8371126143821868,13.070192506682199\nsalhouse,25.0,13.5,0.0,61.697067323018075,2.8371126143821868,13.070192506682199\nsalhouse,25.0,13.5,0.0,61.697067323018075,2.8371126143821868,13.070192506682199\nsalhouse,25.0,13.5,0.0,61.697067323018075,2.8371126143821868,13.070192506682199\nsalhouse,25.0,13.5,0.0,61.697067323018075,2.8371126143821868,13.070192506682199\nsalhouse,25.0,13.5,0.0,61.697067323018075,2.8371126143821868,13.070192506682199\nsalhouse,25.0,13.5,0.0,61.697067323018075,2.8371126143821868,13.070192506682199\nsalhouse,25.0,13.5,0.0,61.697067323018075,2.8371126143821868,13.070192506682199\nsalhouse,25.0,13.5,0.0,61.697067323018075,2.8371126143821868,13.070192506682199\nsalhouse,25.0,13.5,0.0,61.697067323018075,2.8371126143821868,13.070192506682199\nsalhouse,25.0,13.5,0.0,61.697067323018075,2.8371126143821868,13.070192506682199\nsalhouse,25.0,13.5,0.0,61.697067323018075,2.8371126143821868,13.070192506682199\nsalhouse,25.0,13.5,0.0,61.697067323018075,2.8371126143821868,13.070192506682199\nsalhouse,25.0,13.5,0.0,61.697067323018075,2.8371126143821868,13.070192506682199\nsalhouse,25.0,13.5,0.0,61.697067323018075,2.8371126143821868,13.070192506682199\nsalhouse,25.0,13.5,0.0,61.697067323018075,2.8371126143821868,13.070192506682199\nsalhouse,25.0,13.5,0.0,61.697067323018075,2.8371126143821868,13.070192506682199\nsalhouse,25.0,13.5,0.0,61.697067323018075,2.8371126143821868,13.070192506682199\nsalhouse,25.0,13.5,0.0,61.697067323018075,2.8371126143821868,13.070192506682199\nsalhouse,25.0,13.5,0.0,61.697067323018075,2.8371126143821868,13.070192506682199\nsalhouse,25.0,13.5,0.0,61.697067323018075,2.8371126143821868,13.070192506682199\nsalhouse,25.0,13.5,0.0,61.697067323018075,2.8371126143821868,13.070192506682199\nsalhouse,25.0,13.5,0.0,61.697067323018075,2.8371126143821868,13.070192506682199\nsalhouse,25.0,13.5,0.0,61.697067323018075,2.8371126143821868,13.070192506682199\nsalhouse,25.0,13.5,0.0,61.697067323018075,2.8371126143821868,13.070192506682199\nsalhouse,25.0,13.5,0.0,61.697067323018075,2.8371126143821868,13.070192506682199\nsalhouse,25.0,13.5,0.0,61.697067323018075,2.8371126143821868,13.070192506682199\nsalhouse,,,,,,\nsalhouse,,,,,,\nsalhouse,,,,,,\nsalhouse,,,,,,\nsalhouse,,,,,,\nsalhouse,,,,,,\nsalhouse,,,,,,\nsalhouse,,,,,,\nsalhouse,,,,,,\nsalhouse,,,,,,\nsalhouse,,,,,,\nsalhouse,,,,,,\nsalhouse,,,,,,\nsalhouse,,,,,,\nsalhouse,,,,,,\nsalhouse,,,,,,\nsalhouse,,,,,,\nsalhouse,,,,,,\nsalhouse,,,,,,\nsalhouse,,,,,,\nsalhouse,,,,,,\nsalhouse,,,,,,\nsalhouse,,,,,,\nsalhouse,,,,,,\nsalhouse,,,,,,\nsalhouse,,,,,,\nsalhouse,,,,,,\nsalhouse,,,,,,\nsalhouse,,,,,,\nsalhouse,,,,,,\nsalhouse,,,,,,\nsalhouse,,,,,,\nsalhouse,,,,,,\nsalhouse,,,,,,\nsalhouse,,,,,,\nsalhouse,,,,,,\nsalhouse,,,,,,\nsalhouse,,,,,,\nsalhouse,,,,,,\nsalhouse,,,,,,\nsalhouse,,,,,,\nsalhouse,,,,,,\nsalhouse,,,,,,\nsalhouse,,,,,,\nsalhouse,,,,,,\n', map_unit_component_data_csv='mukey,cokey,compname,compkind,majcompflag,comppct_r,distance,slope_r,elev_r,nirrcapcl,nirrcapscl,nirrcapunit,irrcapcl,irrcapscl,irrcapunit,taxorder,taxsubgrp,distance_score,cond_prob,data_source,compname_grp,OSD_text_int,OSD_rfv_int,comp_max_bottom,clay,series,brief_narrative,soilID_rank,min_dist,Rank_Loc\n1689877,24209571,horning1,Series,Yes,50,0.0,2.0,1314.0,6,s,None,None,None,None,Entisols,Vitrandic Torriorthents,0.5,0.29205607476635514,SSURGO,horning,No,No,200,No,horning1,,True,0.0,1\n1689877,24209572,tonor1,Series,Yes,40,0.0,1.0,1314.0,6,s,None,None,None,None,Aridisols,Sodic Xeric Haplocambids,0.4,0.23364485981308414,SSURGO,tonor,No,No,152,No,tonor1,,True,0.0,2\n1689876,24209834,morehouse,Series,No ,4,508.0,8.0,1323.0,6,e,None,None,None,None,Entisols,Vitrandic Torripsamments,0.04,0.0058411214953271035,SSURGO,morehouse,No,No,152,No,morehouse,"The Morehouse series consists of very deep, somewhat excessively drained soils that formed in eolian sands and volcanic ash over lacustrine deposits derived from volcanic rocks. Morehouse are dominantly on stable dunes in basins on lakebeds. Slopes are 0 to 35 percent. The mean annual precipitation is about 230 mm and the mean annual temperature is about 7 degrees C.",True,508.0,3\n1689876,24209836,youtlkue,Series,No ,4,508.0,1.0,1323.0,6,s,None,None,None,None,Aridisols,Vitrixerandic Aquicambids,0.04,0.0058411214953271035,SSURGO,youtlkue,No,No,81,Yes,youtlkue,"The Youtlkue series consists of moderately deep, somewhat poorly drained soils that formed in lacustrine deposits derived from volcanic ash.  Youtlkue soils are on depressions on lakebeds.  Slopes are 0 to 2 percent.  The mean annual precipitation is about 230 mm and the mean annual temperature is about 7 degrees C.",True,508.0,4\n1690138,24210069,abert,Series,No ,5,96.0,1.0,1317.0,6,s,None,None,None,None,Aridisols,Sodic Xeric Haplocambids,0.023,0.013434579439252336,SSURGO,abert,No,No,152,No,abert,"The Abert series consists of very deep, well drained soils that formed in eolian material derived from volcanic ash over lacustrine deposits derived from mixed volcanic rocks and volcanic ash.  Abert soils are on lakebeds.  Slopes are 0 to 2 percent.  The mean annual precipitation is about 230 mm and the mean annual temperature is about 7 degrees C.",True,96.0,5\n1690138,24210070,salhouse,Series,No ,3,96.0,4.0,1317.0,6,e,None,None,None,None,Entisols,Vitrandic Torripsamments,0.014,0.008177570093457945,SSURGO,salhouse,No,No,155,No,salhouse,"The Salhouse series consists of very deep, somewhat excessively drained soils that formed in eolian material derived from volcanic ash over lacustrine deposits derived from volcanic rocks. Salhouse soils are on stable dunes on beach ridges and sand sheets on lakebeds. Slopes are 0 to 20 percent. The mean annual precipitation is about 230 mm and the mean annual temperature is about 7 degrees C.",True,96.0,6\n1689876,24209835,horning2,Series,Yes,85,508.0,8.0,1323.0,6,e,None,None,None,None,Entisols,Vitrandic Torriorthents,0.5,0.12383177570093458,SSURGO,horning,No,No,200,No,horning2,,False,0.0,Not Displayed\n1690138,24210071,tonor2,Series,Yes,85,96.0,0.0,1317.0,6,s,None,None,None,None,Aridisols,Sodic Xeric Haplocambids,0.4,0.23014018691588786,SSURGO,tonor,No,No,152,No,tonor2,,False,0.0,Not Displayed\n')
{'metadata': {'location': 'us', 'model': 'v2', 'dataCompleteness': {'score': 29, 'text': 'To improve predictions, complete data entry for: soil texture, soil rock fragments, soil color and re-sync.'}}, 'soilRank': [{'name': 'Horning1', 'component': 'Horning', 'componentID': 24209571, 'score_data_loc': 1.0, 'rank_data_loc': '1', 'score_data': 0.948, 'rank_data': '1', 'score_loc': 0.5, 'rank_loc': '1', 'componentData': 'Data Complete'}, {'name': 'Tonor1', 'component': 'Tonor', 'componentID': 24209572, 'score_data_loc': 0.899, 'rank_data_loc': '2', 'score_data': 0.947, 'rank_data': '2', 'score_loc': 0.4, 'rank_loc': '2', 'componentData': 'Data Complete'}, {'name': 'Morehouse', 'component': 'Morehouse', 'componentID': 24209834, 'score_data_loc': 0.541, 'rank_data_loc': '3', 'score_data': 0.951, 'rank_data': '3', 'score_loc': 0.04, 'rank_loc': '3', 'componentData': 'Data Complete'}, {'name': 'Youtlkue', 'component': 'Youtlkue', 'componentID': 24209836, 'score_data_loc': 0.537, 'rank_data_loc': '4', 'score_data': 0.944, 'rank_data': '4', 'score_loc': 0.04, 'rank_loc': '4', 'componentData': 'Data Complete'}, {'name': 'Abert', 'component': 'Abert', 'componentID': 24210069, 'score_data_loc': 0.519, 'rank_data_loc': '5', 'score_data': 0.941, 'rank_data': '5', 'score_loc': 0.023, 'rank_loc': '5', 'componentData': 'Data Complete'}, {'name': 'Salhouse', 'component': 'Salhouse', 'componentID': 24210070, 'score_data_loc': 0.514, 'rank_data_loc': '6', 'score_data': 0.95, 'rank_data': '6', 'score_loc': 0.014, 'rank_loc': '6', 'componentData': 'Data Complete'}, {'name': 'Horning2', 'component': 'Horning', 'componentID': 24209835, 'score_data_loc': 0.998, 'rank_data_loc': 'Not Displayed', 'score_data': 0.944, 'rank_data': 'Not Displayed', 'score_loc': 0.5, 'rank_loc': 'Not Displayed', 'componentData': 'Data Complete'}, {'name': 'Tonor2', 'component': 'Tonor', 'componentID': 24210071, 'score_data_loc': 0.891, 'rank_data_loc': 'Not Displayed', 'score_data': 0.931, 'rank_data': 'Not Displayed', 'score_loc': 0.4, 'rank_loc': 'Not Displayed', 'componentData': 'Data Complete'}]}
PASSED
soil_id/tests/us/test_us.py::test_empty_rank 
-------------------------------- live log call ---------------------------------
INFO     root:services.py:214 0.66: https://soilmap2-1.lawr.ucdavis.edu/dylan/soilweb/api/landPKS.php
PASSED

=============================== warnings summary ===============================
env/lib/python3.12/site-packages/rosetta/rosetta.py:3
  /mnt/c/Users/jmaynard/Documents/GitHub/soil-id-algorithm/env/lib/python3.12/site-packages/rosetta/rosetta.py:3: DeprecationWarning: pkg_resources is deprecated as an API. See https://setuptools.pypa.io/en/latest/pkg_resources.html
    import pkg_resources

soil_id/tests/us/test_us.py::test_empty_rank
  /mnt/c/Users/jmaynard/Documents/GitHub/soil-id-algorithm/soil_id/utils.py:1010: FutureWarning: The behavior of DataFrame concatenation with empty or all-NA entries is deprecated. In a future version, this will no longer exclude empty or all-NA columns when determining the result dtypes. To retain the old behavior, exclude the relevant entries before the concat operation.
    site_vars = pd.concat([p_slope, mucompdata[["compname", "slope_r", "elev_r"]]], axis=0)

-- Docs: https://docs.pytest.org/en/stable/how-to/capture-warnings.html
==================================== PASSES ====================================
______________________________ test_soil_location ______________________________
------------------------------ Captured log call -------------------------------
INFO     root:test_us.py:34 Testing -120.79896, 43.23104
INFO     root:services.py:214 0.61: https://soilmap2-1.lawr.ucdavis.edu/dylan/soilweb/api/landPKS.php
INFO     root:test_us.py:37 ...time: 5.63s
_______________________________ test_empty_rank ________________________________
------------------------------ Captured log call -------------------------------
INFO     root:services.py:214 0.66: https://soilmap2-1.lawr.ucdavis.edu/dylan/soilweb/api/landPKS.php
=========================== short test summary info ============================
PASSED soil_id/tests/global/test_global.py::test_true
PASSED soil_id/tests/us/test_us.py::test_soil_location
PASSED soil_id/tests/us/test_us.py::test_empty_rank
======================== 3 passed, 2 warnings in 13.33s ========================
